[1.915s] Invoking command in '/home/glados/Desktop/Inverse-Kinematics-using-Neural-Network/src/target_generator': DEBUGINFOD_URLS=https://debuginfod.ubuntu.com PYTHONPATH=/home/glados/Desktop/Inverse-Kinematics-using-Neural-Network/build/target_generator/prefix_override:/usr/lib/python3/dist-packages/colcon_core/task/python/colcon_distutils_commands:/home/glados/Desktop/Inverse-Kinematics-using-Neural-Network/install/target_generator/lib/python3.12/site-packages:${PYTHONPATH} /usr/bin/python3 -W ignore:setup.py install is deprecated -W ignore:easy_install command is deprecated setup.py egg_info --egg-base ../../build/target_generator build --build-base /home/glados/Desktop/Inverse-Kinematics-using-Neural-Network/build/target_generator/build install --record /home/glados/Desktop/Inverse-Kinematics-using-Neural-Network/build/target_generator/install.log --install-scripts $base/lib/target_generator --single-version-externally-managed install_data
[2.354s] running egg_info
[2.383s] writing ../../build/target_generator/target_generator.egg-info/PKG-INFO
[2.384s] writing dependency_links to ../../build/target_generator/target_generator.egg-info/dependency_links.txt
[2.384s] writing entry points to ../../build/target_generator/target_generator.egg-info/entry_points.txt
[2.384s] writing requirements to ../../build/target_generator/target_generator.egg-info/requires.txt
[2.384s] writing top-level names to ../../build/target_generator/target_generator.egg-info/top_level.txt
[2.469s] reading manifest file '../../build/target_generator/target_generator.egg-info/SOURCES.txt'
[2.469s] adding license file 'LICENSE'
[2.469s] writing manifest file '../../build/target_generator/target_generator.egg-info/SOURCES.txt'
[2.470s] running build
[2.470s] running build_py
[2.470s] copying target_generator/random_target_node.py -> /home/glados/Desktop/Inverse-Kinematics-using-Neural-Network/build/target_generator/build/lib/target_generator
[2.471s] running install
[2.476s] running install_lib
[2.516s] copying /home/glados/Desktop/Inverse-Kinematics-using-Neural-Network/build/target_generator/build/lib/target_generator/random_target_node.py -> /home/glados/Desktop/Inverse-Kinematics-using-Neural-Network/install/target_generator/lib/python3.12/site-packages/target_generator
[2.517s] byte-compiling /home/glados/Desktop/Inverse-Kinematics-using-Neural-Network/install/target_generator/lib/python3.12/site-packages/target_generator/random_target_node.py to random_target_node.cpython-312.pyc
[2.518s] running install_data
[2.518s] running install_egg_info
[2.582s] removing '/home/glados/Desktop/Inverse-Kinematics-using-Neural-Network/install/target_generator/lib/python3.12/site-packages/target_generator-0.0.0-py3.12.egg-info' (and everything under it)
[2.583s] Copying ../../build/target_generator/target_generator.egg-info to /home/glados/Desktop/Inverse-Kinematics-using-Neural-Network/install/target_generator/lib/python3.12/site-packages/target_generator-0.0.0-py3.12.egg-info
[2.585s] running install_scripts
[2.779s] Installing marker script to /home/glados/Desktop/Inverse-Kinematics-using-Neural-Network/install/target_generator/lib/target_generator
[2.780s] Installing random_target script to /home/glados/Desktop/Inverse-Kinematics-using-Neural-Network/install/target_generator/lib/target_generator
[2.780s] writing list of installed files to '/home/glados/Desktop/Inverse-Kinematics-using-Neural-Network/build/target_generator/install.log'
[2.824s] Invoked command in '/home/glados/Desktop/Inverse-Kinematics-using-Neural-Network/src/target_generator' returned '0': DEBUGINFOD_URLS=https://debuginfod.ubuntu.com PYTHONPATH=/home/glados/Desktop/Inverse-Kinematics-using-Neural-Network/build/target_generator/prefix_override:/usr/lib/python3/dist-packages/colcon_core/task/python/colcon_distutils_commands:/home/glados/Desktop/Inverse-Kinematics-using-Neural-Network/install/target_generator/lib/python3.12/site-packages:${PYTHONPATH} /usr/bin/python3 -W ignore:setup.py install is deprecated -W ignore:easy_install command is deprecated setup.py egg_info --egg-base ../../build/target_generator build --build-base /home/glados/Desktop/Inverse-Kinematics-using-Neural-Network/build/target_generator/build install --record /home/glados/Desktop/Inverse-Kinematics-using-Neural-Network/build/target_generator/install.log --install-scripts $base/lib/target_generator --single-version-externally-managed install_data
