[1.855s] Invoking command in '/home/glados/Desktop/Inverse-Kinematics-using-Neural-Network/src/neural_predictor': DEBUGINFOD_URLS=https://debuginfod.ubuntu.com PYTHONPATH=/home/glados/Desktop/Inverse-Kinematics-using-Neural-Network/build/neural_predictor/prefix_override:/usr/lib/python3/dist-packages/colcon_core/task/python/colcon_distutils_commands:/home/glados/Desktop/Inverse-Kinematics-using-Neural-Network/install/neural_predictor/lib/python3.12/site-packages:${PYTHONPATH} /usr/bin/python3 -W ignore:setup.py install is deprecated -W ignore:easy_install command is deprecated setup.py egg_info --egg-base ../../build/neural_predictor build --build-base /home/glados/Desktop/Inverse-Kinematics-using-Neural-Network/build/neural_predictor/build install --record /home/glados/Desktop/Inverse-Kinematics-using-Neural-Network/build/neural_predictor/install.log --install-scripts $base/lib/neural_predictor --single-version-externally-managed install_data
[2.270s] running egg_info
[2.270s] creating ../../build/neural_predictor/neural_predictor.egg-info
[2.298s] writing ../../build/neural_predictor/neural_predictor.egg-info/PKG-INFO
[2.298s] writing dependency_links to ../../build/neural_predictor/neural_predictor.egg-info/dependency_links.txt
[2.298s] writing requirements to ../../build/neural_predictor/neural_predictor.egg-info/requires.txt
[2.298s] writing top-level names to ../../build/neural_predictor/neural_predictor.egg-info/top_level.txt
[2.298s] writing manifest file '../../build/neural_predictor/neural_predictor.egg-info/SOURCES.txt'
[2.375s] reading manifest file '../../build/neural_predictor/neural_predictor.egg-info/SOURCES.txt'
[2.375s] adding license file 'LICENSE'
[2.376s] writing manifest file '../../build/neural_predictor/neural_predictor.egg-info/SOURCES.txt'
[2.376s] running build
[2.376s] running build_py
[2.376s] creating /home/glados/Desktop/Inverse-Kinematics-using-Neural-Network/build/neural_predictor/build
[2.377s] creating /home/glados/Desktop/Inverse-Kinematics-using-Neural-Network/build/neural_predictor/build/lib
[2.377s] creating /home/glados/Desktop/Inverse-Kinematics-using-Neural-Network/build/neural_predictor/build/lib/neural_predictor
[2.377s] copying neural_predictor/__init__.py -> /home/glados/Desktop/Inverse-Kinematics-using-Neural-Network/build/neural_predictor/build/lib/neural_predictor
[2.378s] running install
[2.383s] running install_lib
[2.415s] creating /home/glados/Desktop/Inverse-Kinematics-using-Neural-Network/install/neural_predictor/lib/python3.12/site-packages/neural_predictor
[2.415s] copying /home/glados/Desktop/Inverse-Kinematics-using-Neural-Network/build/neural_predictor/build/lib/neural_predictor/__init__.py -> /home/glados/Desktop/Inverse-Kinematics-using-Neural-Network/install/neural_predictor/lib/python3.12/site-packages/neural_predictor
[2.415s] byte-compiling /home/glados/Desktop/Inverse-Kinematics-using-Neural-Network/install/neural_predictor/lib/python3.12/site-packages/neural_predictor/__init__.py to __init__.cpython-312.pyc
[2.415s] running install_data
[2.416s] creating /home/glados/Desktop/Inverse-Kinematics-using-Neural-Network/install/neural_predictor/share/ament_index
[2.416s] creating /home/glados/Desktop/Inverse-Kinematics-using-Neural-Network/install/neural_predictor/share/ament_index/resource_index
[2.416s] creating /home/glados/Desktop/Inverse-Kinematics-using-Neural-Network/install/neural_predictor/share/ament_index/resource_index/packages
[2.416s] copying resource/neural_predictor -> /home/glados/Desktop/Inverse-Kinematics-using-Neural-Network/install/neural_predictor/share/ament_index/resource_index/packages
[2.416s] copying package.xml -> /home/glados/Desktop/Inverse-Kinematics-using-Neural-Network/install/neural_predictor/share/neural_predictor
[2.416s] running install_egg_info
[2.455s] Copying ../../build/neural_predictor/neural_predictor.egg-info to /home/glados/Desktop/Inverse-Kinematics-using-Neural-Network/install/neural_predictor/lib/python3.12/site-packages/neural_predictor-0.0.0-py3.12.egg-info
[2.456s] running install_scripts
[2.668s] writing list of installed files to '/home/glados/Desktop/Inverse-Kinematics-using-Neural-Network/build/neural_predictor/install.log'
[2.742s] Invoked command in '/home/glados/Desktop/Inverse-Kinematics-using-Neural-Network/src/neural_predictor' returned '0': DEBUGINFOD_URLS=https://debuginfod.ubuntu.com PYTHONPATH=/home/glados/Desktop/Inverse-Kinematics-using-Neural-Network/build/neural_predictor/prefix_override:/usr/lib/python3/dist-packages/colcon_core/task/python/colcon_distutils_commands:/home/glados/Desktop/Inverse-Kinematics-using-Neural-Network/install/neural_predictor/lib/python3.12/site-packages:${PYTHONPATH} /usr/bin/python3 -W ignore:setup.py install is deprecated -W ignore:easy_install command is deprecated setup.py egg_info --egg-base ../../build/neural_predictor build --build-base /home/glados/Desktop/Inverse-Kinematics-using-Neural-Network/build/neural_predictor/build install --record /home/glados/Desktop/Inverse-Kinematics-using-Neural-Network/build/neural_predictor/install.log --install-scripts $base/lib/neural_predictor --single-version-externally-managed install_data
