running egg_info
creating ../../build/target_generator/target_generator.egg-info
writing ../../build/target_generator/target_generator.egg-info/PKG-INFO
writing dependency_links to ../../build/target_generator/target_generator.egg-info/dependency_links.txt
writing entry points to ../../build/target_generator/target_generator.egg-info/entry_points.txt
writing requirements to ../../build/target_generator/target_generator.egg-info/requires.txt
writing top-level names to ../../build/target_generator/target_generator.egg-info/top_level.txt
writing manifest file '../../build/target_generator/target_generator.egg-info/SOURCES.txt'
reading manifest file '../../build/target_generator/target_generator.egg-info/SOURCES.txt'
adding license file 'LICENSE'
writing manifest file '../../build/target_generator/target_generator.egg-info/SOURCES.txt'
running build
running build_py
creating /home/glados/Desktop/Inverse-Kinematics-using-Neural-Network/build/target_generator/build
creating /home/glados/Desktop/Inverse-Kinematics-using-Neural-Network/build/target_generator/build/lib
creating /home/glados/Desktop/Inverse-Kinematics-using-Neural-Network/build/target_generator/build/lib/target_generator
copying target_generator/marker_publisher.py -> /home/glados/Desktop/Inverse-Kinematics-using-Neural-Network/build/target_generator/build/lib/target_generator
copying target_generator/__init__.py -> /home/glados/Desktop/Inverse-Kinematics-using-Neural-Network/build/target_generator/build/lib/target_generator
copying target_generator/random_target_node.py -> /home/glados/Desktop/Inverse-Kinematics-using-Neural-Network/build/target_generator/build/lib/target_generator
running install
running install_lib
creating /home/glados/Desktop/Inverse-Kinematics-using-Neural-Network/install/target_generator/lib/python3.12/site-packages/target_generator
copying /home/glados/Desktop/Inverse-Kinematics-using-Neural-Network/build/target_generator/build/lib/target_generator/marker_publisher.py -> /home/glados/Desktop/Inverse-Kinematics-using-Neural-Network/install/target_generator/lib/python3.12/site-packages/target_generator
copying /home/glados/Desktop/Inverse-Kinematics-using-Neural-Network/build/target_generator/build/lib/target_generator/__init__.py -> /home/glados/Desktop/Inverse-Kinematics-using-Neural-Network/install/target_generator/lib/python3.12/site-packages/target_generator
copying /home/glados/Desktop/Inverse-Kinematics-using-Neural-Network/build/target_generator/build/lib/target_generator/random_target_node.py -> /home/glados/Desktop/Inverse-Kinematics-using-Neural-Network/install/target_generator/lib/python3.12/site-packages/target_generator
byte-compiling /home/glados/Desktop/Inverse-Kinematics-using-Neural-Network/install/target_generator/lib/python3.12/site-packages/target_generator/marker_publisher.py to marker_publisher.cpython-312.pyc
byte-compiling /home/glados/Desktop/Inverse-Kinematics-using-Neural-Network/install/target_generator/lib/python3.12/site-packages/target_generator/__init__.py to __init__.cpython-312.pyc
byte-compiling /home/glados/Desktop/Inverse-Kinematics-using-Neural-Network/install/target_generator/lib/python3.12/site-packages/target_generator/random_target_node.py to random_target_node.cpython-312.pyc
running install_data
creating /home/glados/Desktop/Inverse-Kinematics-using-Neural-Network/install/target_generator/share/ament_index
creating /home/glados/Desktop/Inverse-Kinematics-using-Neural-Network/install/target_generator/share/ament_index/resource_index
creating /home/glados/Desktop/Inverse-Kinematics-using-Neural-Network/install/target_generator/share/ament_index/resource_index/packages
copying resource/target_generator -> /home/glados/Desktop/Inverse-Kinematics-using-Neural-Network/install/target_generator/share/ament_index/resource_index/packages
copying package.xml -> /home/glados/Desktop/Inverse-Kinematics-using-Neural-Network/install/target_generator/share/target_generator
running install_egg_info
Copying ../../build/target_generator/target_generator.egg-info to /home/glados/Desktop/Inverse-Kinematics-using-Neural-Network/install/target_generator/lib/python3.12/site-packages/target_generator-0.0.0-py3.12.egg-info
running install_scripts
Installing marker script to /home/glados/Desktop/Inverse-Kinematics-using-Neural-Network/install/target_generator/lib/target_generator
Installing random_target script to /home/glados/Desktop/Inverse-Kinematics-using-Neural-Network/install/target_generator/lib/target_generator
writing list of installed files to '/home/glados/Desktop/Inverse-Kinematics-using-Neural-Network/build/target_generator/install.log'
