[1.837s] Invoking command in '/home/glados/Desktop/Inverse-Kinematics-using-Neural-Network/src/target_generator': DEBUGINFOD_URLS=https://debuginfod.ubuntu.com PYTHONPATH=/home/glados/Desktop/Inverse-Kinematics-using-Neural-Network/build/target_generator/prefix_override:/usr/lib/python3/dist-packages/colcon_core/task/python/colcon_distutils_commands:/home/glados/Desktop/Inverse-Kinematics-using-Neural-Network/install/target_generator/lib/python3.12/site-packages:${PYTHONPATH} /usr/bin/python3 -W ignore:setup.py install is deprecated -W ignore:easy_install command is deprecated setup.py egg_info --egg-base ../../build/target_generator build --build-base /home/glados/Desktop/Inverse-Kinematics-using-Neural-Network/build/target_generator/build install --record /home/glados/Desktop/Inverse-Kinematics-using-Neural-Network/build/target_generator/install.log --install-scripts $base/lib/target_generator --single-version-externally-managed install_data
[2.246s] running egg_info
[2.247s] creating ../../build/target_generator/target_generator.egg-info
[2.273s] writing ../../build/target_generator/target_generator.egg-info/PKG-INFO
[2.273s] writing dependency_links to ../../build/target_generator/target_generator.egg-info/dependency_links.txt
[2.273s] writing entry points to ../../build/target_generator/target_generator.egg-info/entry_points.txt
[2.274s] writing requirements to ../../build/target_generator/target_generator.egg-info/requires.txt
[2.275s] writing top-level names to ../../build/target_generator/target_generator.egg-info/top_level.txt
[2.275s] writing manifest file '../../build/target_generator/target_generator.egg-info/SOURCES.txt'
[2.339s] reading manifest file '../../build/target_generator/target_generator.egg-info/SOURCES.txt'
[2.340s] adding license file 'LICENSE'
[2.341s] writing manifest file '../../build/target_generator/target_generator.egg-info/SOURCES.txt'
[2.341s] running build
[2.341s] running build_py
[2.341s] creating /home/glados/Desktop/Inverse-Kinematics-using-Neural-Network/build/target_generator/build
[2.342s] creating /home/glados/Desktop/Inverse-Kinematics-using-Neural-Network/build/target_generator/build/lib
[2.342s] creating /home/glados/Desktop/Inverse-Kinematics-using-Neural-Network/build/target_generator/build/lib/target_generator
[2.343s] copying target_generator/marker_publisher.py -> /home/glados/Desktop/Inverse-Kinematics-using-Neural-Network/build/target_generator/build/lib/target_generator
[2.343s] copying target_generator/__init__.py -> /home/glados/Desktop/Inverse-Kinematics-using-Neural-Network/build/target_generator/build/lib/target_generator
[2.343s] copying target_generator/random_target_node.py -> /home/glados/Desktop/Inverse-Kinematics-using-Neural-Network/build/target_generator/build/lib/target_generator
[2.343s] running install
[2.351s] running install_lib
[2.379s] creating /home/glados/Desktop/Inverse-Kinematics-using-Neural-Network/install/target_generator/lib/python3.12/site-packages/target_generator
[2.379s] copying /home/glados/Desktop/Inverse-Kinematics-using-Neural-Network/build/target_generator/build/lib/target_generator/marker_publisher.py -> /home/glados/Desktop/Inverse-Kinematics-using-Neural-Network/install/target_generator/lib/python3.12/site-packages/target_generator
[2.379s] copying /home/glados/Desktop/Inverse-Kinematics-using-Neural-Network/build/target_generator/build/lib/target_generator/__init__.py -> /home/glados/Desktop/Inverse-Kinematics-using-Neural-Network/install/target_generator/lib/python3.12/site-packages/target_generator
[2.379s] copying /home/glados/Desktop/Inverse-Kinematics-using-Neural-Network/build/target_generator/build/lib/target_generator/random_target_node.py -> /home/glados/Desktop/Inverse-Kinematics-using-Neural-Network/install/target_generator/lib/python3.12/site-packages/target_generator
[2.380s] byte-compiling /home/glados/Desktop/Inverse-Kinematics-using-Neural-Network/install/target_generator/lib/python3.12/site-packages/target_generator/marker_publisher.py to marker_publisher.cpython-312.pyc
[2.380s] byte-compiling /home/glados/Desktop/Inverse-Kinematics-using-Neural-Network/install/target_generator/lib/python3.12/site-packages/target_generator/__init__.py to __init__.cpython-312.pyc
[2.380s] byte-compiling /home/glados/Desktop/Inverse-Kinematics-using-Neural-Network/install/target_generator/lib/python3.12/site-packages/target_generator/random_target_node.py to random_target_node.cpython-312.pyc
[2.381s] running install_data
[2.381s] creating /home/glados/Desktop/Inverse-Kinematics-using-Neural-Network/install/target_generator/share/ament_index
[2.382s] creating /home/glados/Desktop/Inverse-Kinematics-using-Neural-Network/install/target_generator/share/ament_index/resource_index
[2.382s] creating /home/glados/Desktop/Inverse-Kinematics-using-Neural-Network/install/target_generator/share/ament_index/resource_index/packages
[2.382s] copying resource/target_generator -> /home/glados/Desktop/Inverse-Kinematics-using-Neural-Network/install/target_generator/share/ament_index/resource_index/packages
[2.382s] copying package.xml -> /home/glados/Desktop/Inverse-Kinematics-using-Neural-Network/install/target_generator/share/target_generator
[2.382s] running install_egg_info
[2.416s] Copying ../../build/target_generator/target_generator.egg-info to /home/glados/Desktop/Inverse-Kinematics-using-Neural-Network/install/target_generator/lib/python3.12/site-packages/target_generator-0.0.0-py3.12.egg-info
[2.417s] running install_scripts
[2.630s] Installing marker script to /home/glados/Desktop/Inverse-Kinematics-using-Neural-Network/install/target_generator/lib/target_generator
[2.630s] Installing random_target script to /home/glados/Desktop/Inverse-Kinematics-using-Neural-Network/install/target_generator/lib/target_generator
[2.631s] writing list of installed files to '/home/glados/Desktop/Inverse-Kinematics-using-Neural-Network/build/target_generator/install.log'
[2.692s] Invoked command in '/home/glados/Desktop/Inverse-Kinematics-using-Neural-Network/src/target_generator' returned '0': DEBUGINFOD_URLS=https://debuginfod.ubuntu.com PYTHONPATH=/home/glados/Desktop/Inverse-Kinematics-using-Neural-Network/build/target_generator/prefix_override:/usr/lib/python3/dist-packages/colcon_core/task/python/colcon_distutils_commands:/home/glados/Desktop/Inverse-Kinematics-using-Neural-Network/install/target_generator/lib/python3.12/site-packages:${PYTHONPATH} /usr/bin/python3 -W ignore:setup.py install is deprecated -W ignore:easy_install command is deprecated setup.py egg_info --egg-base ../../build/target_generator build --build-base /home/glados/Desktop/Inverse-Kinematics-using-Neural-Network/build/target_generator/build install --record /home/glados/Desktop/Inverse-Kinematics-using-Neural-Network/build/target_generator/install.log --install-scripts $base/lib/target_generator --single-version-externally-managed install_data
