[1.764s] Invoking command in '/home/glados/Desktop/Inverse-Kinematics-using-Neural-Network/src/traditional_predictor': DEBUGINFOD_URLS=https://debuginfod.ubuntu.com PYTHONPATH=/home/glados/Desktop/Inverse-Kinematics-using-Neural-Network/build/traditional_predictor/prefix_override:/usr/lib/python3/dist-packages/colcon_core/task/python/colcon_distutils_commands:/home/glados/Desktop/Inverse-Kinematics-using-Neural-Network/install/traditional_predictor/lib/python3.12/site-packages:${PYTHONPATH} /usr/bin/python3 -W ignore:setup.py install is deprecated -W ignore:easy_install command is deprecated setup.py egg_info --egg-base ../../build/traditional_predictor build --build-base /home/glados/Desktop/Inverse-Kinematics-using-Neural-Network/build/traditional_predictor/build install --record /home/glados/Desktop/Inverse-Kinematics-using-Neural-Network/build/traditional_predictor/install.log --install-scripts $base/lib/traditional_predictor --single-version-externally-managed install_data
[2.131s] running egg_info
[2.161s] writing ../../build/traditional_predictor/traditional_predictor.egg-info/PKG-INFO
[2.161s] writing dependency_links to ../../build/traditional_predictor/traditional_predictor.egg-info/dependency_links.txt
[2.162s] writing entry points to ../../build/traditional_predictor/traditional_predictor.egg-info/entry_points.txt
[2.162s] writing requirements to ../../build/traditional_predictor/traditional_predictor.egg-info/requires.txt
[2.162s] writing top-level names to ../../build/traditional_predictor/traditional_predictor.egg-info/top_level.txt
[2.219s] reading manifest file '../../build/traditional_predictor/traditional_predictor.egg-info/SOURCES.txt'
[2.219s] adding license file 'LICENSE'
[2.219s] writing manifest file '../../build/traditional_predictor/traditional_predictor.egg-info/SOURCES.txt'
[2.220s] running build
[2.220s] running build_py
[2.220s] copying traditional_predictor/traditional_ik_solver.py -> /home/glados/Desktop/Inverse-Kinematics-using-Neural-Network/build/traditional_predictor/build/lib/traditional_predictor
[2.220s] running install
[2.228s] running install_lib
[2.253s] copying /home/glados/Desktop/Inverse-Kinematics-using-Neural-Network/build/traditional_predictor/build/lib/traditional_predictor/traditional_ik_solver.py -> /home/glados/Desktop/Inverse-Kinematics-using-Neural-Network/install/traditional_predictor/lib/python3.12/site-packages/traditional_predictor
[2.254s] byte-compiling /home/glados/Desktop/Inverse-Kinematics-using-Neural-Network/install/traditional_predictor/lib/python3.12/site-packages/traditional_predictor/traditional_ik_solver.py to traditional_ik_solver.cpython-312.pyc
[2.255s] running install_data
[2.255s] running install_egg_info
[2.282s] removing '/home/glados/Desktop/Inverse-Kinematics-using-Neural-Network/install/traditional_predictor/lib/python3.12/site-packages/traditional_predictor-0.0.0-py3.12.egg-info' (and everything under it)
[2.282s] Copying ../../build/traditional_predictor/traditional_predictor.egg-info to /home/glados/Desktop/Inverse-Kinematics-using-Neural-Network/install/traditional_predictor/lib/python3.12/site-packages/traditional_predictor-0.0.0-py3.12.egg-info
[2.283s] running install_scripts
[2.458s] Installing traditional_ik script to /home/glados/Desktop/Inverse-Kinematics-using-Neural-Network/install/traditional_predictor/lib/traditional_predictor
[2.458s] writing list of installed files to '/home/glados/Desktop/Inverse-Kinematics-using-Neural-Network/build/traditional_predictor/install.log'
[2.499s] Invoked command in '/home/glados/Desktop/Inverse-Kinematics-using-Neural-Network/src/traditional_predictor' returned '0': DEBUGINFOD_URLS=https://debuginfod.ubuntu.com PYTHONPATH=/home/glados/Desktop/Inverse-Kinematics-using-Neural-Network/build/traditional_predictor/prefix_override:/usr/lib/python3/dist-packages/colcon_core/task/python/colcon_distutils_commands:/home/glados/Desktop/Inverse-Kinematics-using-Neural-Network/install/traditional_predictor/lib/python3.12/site-packages:${PYTHONPATH} /usr/bin/python3 -W ignore:setup.py install is deprecated -W ignore:easy_install command is deprecated setup.py egg_info --egg-base ../../build/traditional_predictor build --build-base /home/glados/Desktop/Inverse-Kinematics-using-Neural-Network/build/traditional_predictor/build install --record /home/glados/Desktop/Inverse-Kinematics-using-Neural-Network/build/traditional_predictor/install.log --install-scripts $base/lib/traditional_predictor --single-version-externally-managed install_data
