[0.120s] DEBUG:colcon:Command line arguments: ['/usr/bin/colcon', 'build']
[0.120s] DEBUG:colcon:Parsed command line arguments: Namespace(log_base=None, log_level=None, verb_name='build', build_base='build', install_base='install', merge_install=False, symlink_install=False, test_result_base=None, continue_on_error=False, executor='parallel', parallel_workers=8, event_handlers=None, ignore_user_meta=False, metas=['./colcon.meta'], base_paths=['.'], packages_ignore=None, packages_ignore_regex=None, paths=None, packages_up_to=None, packages_up_to_regex=None, packages_above=None, packages_above_and_dependencies=None, packages_above_depth=None, packages_select_by_dep=None, packages_skip_by_dep=None, packages_skip_up_to=None, packages_select_build_failed=False, packages_skip_build_finished=False, packages_select_test_failures=False, packages_skip_test_passed=False, packages_select=None, packages_skip=None, packages_select_regex=None, packages_skip_regex=None, packages_start=None, packages_end=None, allow_overriding=[], cmake_args=None, cmake_target=None, cmake_target_skip_unavailable=False, cmake_clean_cache=False, cmake_clean_first=False, cmake_force_configure=False, ament_cmake_args=None, catkin_cmake_args=None, catkin_skip_building_tests=False, mixin_files=None, mixin=None, verb_parser=<colcon_mixin.mixin.mixin_argument.MixinArgumentDecorator object at 0x784c2067d2b0>, verb_extension=<colcon_core.verb.build.BuildVerb object at 0x784c207f9940>, main=<bound method BuildVerb.main of <colcon_core.verb.build.BuildVerb object at 0x784c207f9940>>, mixin_verb=('build',))
[0.157s] Level 1:colcon.colcon_core.package_discovery:discover_packages(colcon_meta) check parameters
[0.157s] Level 1:colcon.colcon_core.package_discovery:discover_packages(recursive) check parameters
[0.157s] Level 1:colcon.colcon_core.package_discovery:discover_packages(ignore) check parameters
[0.157s] Level 1:colcon.colcon_core.package_discovery:discover_packages(path) check parameters
[0.157s] Level 1:colcon.colcon_core.package_discovery:discover_packages(colcon_meta) discover
[0.157s] Level 1:colcon.colcon_core.package_discovery:discover_packages(recursive) discover
[0.157s] INFO:colcon.colcon_core.package_discovery:Crawling recursively for packages in '/home/glados/Desktop/Inverse-Kinematics-using-Neural-Network'
[0.157s] Level 1:colcon.colcon_core.package_identification:_identify(.) by extensions ['ignore', 'ignore_ament_install']
[0.157s] Level 1:colcon.colcon_core.package_identification:_identify(.) by extension 'ignore'
[0.158s] Level 1:colcon.colcon_core.package_identification:_identify(.) by extension 'ignore_ament_install'
[0.158s] Level 1:colcon.colcon_core.package_identification:_identify(.) by extensions ['colcon_pkg']
[0.158s] Level 1:colcon.colcon_core.package_identification:_identify(.) by extension 'colcon_pkg'
[0.158s] Level 1:colcon.colcon_core.package_identification:_identify(.) by extensions ['colcon_meta']
[0.158s] Level 1:colcon.colcon_core.package_identification:_identify(.) by extension 'colcon_meta'
[0.158s] Level 1:colcon.colcon_core.package_identification:_identify(.) by extensions ['ros']
[0.158s] Level 1:colcon.colcon_core.package_identification:_identify(.) by extension 'ros'
[0.183s] Level 1:colcon.colcon_core.package_identification:_identify(.) by extensions ['cmake', 'python']
[0.183s] Level 1:colcon.colcon_core.package_identification:_identify(.) by extension 'cmake'
[0.183s] Level 1:colcon.colcon_core.package_identification:_identify(.) by extension 'python'
[0.183s] Level 1:colcon.colcon_core.package_identification:_identify(.) by extensions ['python_setup_py']
[0.183s] Level 1:colcon.colcon_core.package_identification:_identify(.) by extension 'python_setup_py'
[0.183s] Level 1:colcon.colcon_core.package_identification:_identify(build) by extensions ['ignore', 'ignore_ament_install']
[0.183s] Level 1:colcon.colcon_core.package_identification:_identify(build) by extension 'ignore'
[0.183s] Level 1:colcon.colcon_core.package_identification:_identify(build) ignored
[0.183s] Level 1:colcon.colcon_core.package_identification:_identify(install) by extensions ['ignore', 'ignore_ament_install']
[0.183s] Level 1:colcon.colcon_core.package_identification:_identify(install) by extension 'ignore'
[0.184s] Level 1:colcon.colcon_core.package_identification:_identify(install) ignored
[0.184s] Level 1:colcon.colcon_core.package_identification:_identify(log) by extensions ['ignore', 'ignore_ament_install']
[0.184s] Level 1:colcon.colcon_core.package_identification:_identify(log) by extension 'ignore'
[0.184s] Level 1:colcon.colcon_core.package_identification:_identify(log) ignored
[0.184s] Level 1:colcon.colcon_core.package_identification:_identify(src) by extensions ['ignore', 'ignore_ament_install']
[0.184s] Level 1:colcon.colcon_core.package_identification:_identify(src) by extension 'ignore'
[0.184s] Level 1:colcon.colcon_core.package_identification:_identify(src) by extension 'ignore_ament_install'
[0.184s] Level 1:colcon.colcon_core.package_identification:_identify(src) by extensions ['colcon_pkg']
[0.184s] Level 1:colcon.colcon_core.package_identification:_identify(src) by extension 'colcon_pkg'
[0.184s] Level 1:colcon.colcon_core.package_identification:_identify(src) by extensions ['colcon_meta']
[0.184s] Level 1:colcon.colcon_core.package_identification:_identify(src) by extension 'colcon_meta'
[0.184s] Level 1:colcon.colcon_core.package_identification:_identify(src) by extensions ['ros']
[0.184s] Level 1:colcon.colcon_core.package_identification:_identify(src) by extension 'ros'
[0.184s] Level 1:colcon.colcon_core.package_identification:_identify(src) by extensions ['cmake', 'python']
[0.184s] Level 1:colcon.colcon_core.package_identification:_identify(src) by extension 'cmake'
[0.184s] Level 1:colcon.colcon_core.package_identification:_identify(src) by extension 'python'
[0.184s] Level 1:colcon.colcon_core.package_identification:_identify(src) by extensions ['python_setup_py']
[0.184s] Level 1:colcon.colcon_core.package_identification:_identify(src) by extension 'python_setup_py'
[0.185s] Level 1:colcon.colcon_core.package_identification:_identify(src/neural_predictor) by extensions ['ignore', 'ignore_ament_install']
[0.185s] Level 1:colcon.colcon_core.package_identification:_identify(src/neural_predictor) by extension 'ignore'
[0.185s] Level 1:colcon.colcon_core.package_identification:_identify(src/neural_predictor) by extension 'ignore_ament_install'
[0.185s] Level 1:colcon.colcon_core.package_identification:_identify(src/neural_predictor) by extensions ['colcon_pkg']
[0.185s] Level 1:colcon.colcon_core.package_identification:_identify(src/neural_predictor) by extension 'colcon_pkg'
[0.185s] Level 1:colcon.colcon_core.package_identification:_identify(src/neural_predictor) by extensions ['colcon_meta']
[0.185s] Level 1:colcon.colcon_core.package_identification:_identify(src/neural_predictor) by extension 'colcon_meta'
[0.185s] Level 1:colcon.colcon_core.package_identification:_identify(src/neural_predictor) by extensions ['ros']
[0.185s] Level 1:colcon.colcon_core.package_identification:_identify(src/neural_predictor) by extension 'ros'
[0.187s] DEBUG:colcon.colcon_core.package_identification:Package 'src/neural_predictor' with type 'ros.ament_python' and name 'neural_predictor'
[0.187s] Level 1:colcon.colcon_core.package_identification:_identify(src/target_generator) by extensions ['ignore', 'ignore_ament_install']
[0.187s] Level 1:colcon.colcon_core.package_identification:_identify(src/target_generator) by extension 'ignore'
[0.187s] Level 1:colcon.colcon_core.package_identification:_identify(src/target_generator) by extension 'ignore_ament_install'
[0.187s] Level 1:colcon.colcon_core.package_identification:_identify(src/target_generator) by extensions ['colcon_pkg']
[0.187s] Level 1:colcon.colcon_core.package_identification:_identify(src/target_generator) by extension 'colcon_pkg'
[0.187s] Level 1:colcon.colcon_core.package_identification:_identify(src/target_generator) by extensions ['colcon_meta']
[0.187s] Level 1:colcon.colcon_core.package_identification:_identify(src/target_generator) by extension 'colcon_meta'
[0.187s] Level 1:colcon.colcon_core.package_identification:_identify(src/target_generator) by extensions ['ros']
[0.187s] Level 1:colcon.colcon_core.package_identification:_identify(src/target_generator) by extension 'ros'
[0.188s] DEBUG:colcon.colcon_core.package_identification:Package 'src/target_generator' with type 'ros.ament_python' and name 'target_generator'
[0.188s] Level 1:colcon.colcon_core.package_identification:_identify(src/traditional_predictor) by extensions ['ignore', 'ignore_ament_install']
[0.188s] Level 1:colcon.colcon_core.package_identification:_identify(src/traditional_predictor) by extension 'ignore'
[0.188s] Level 1:colcon.colcon_core.package_identification:_identify(src/traditional_predictor) by extension 'ignore_ament_install'
[0.188s] Level 1:colcon.colcon_core.package_identification:_identify(src/traditional_predictor) by extensions ['colcon_pkg']
[0.188s] Level 1:colcon.colcon_core.package_identification:_identify(src/traditional_predictor) by extension 'colcon_pkg'
[0.188s] Level 1:colcon.colcon_core.package_identification:_identify(src/traditional_predictor) by extensions ['colcon_meta']
[0.188s] Level 1:colcon.colcon_core.package_identification:_identify(src/traditional_predictor) by extension 'colcon_meta'
[0.188s] Level 1:colcon.colcon_core.package_identification:_identify(src/traditional_predictor) by extensions ['ros']
[0.188s] Level 1:colcon.colcon_core.package_identification:_identify(src/traditional_predictor) by extension 'ros'
[0.189s] DEBUG:colcon.colcon_core.package_identification:Package 'src/traditional_predictor' with type 'ros.ament_python' and name 'traditional_predictor'
[0.189s] Level 1:colcon.colcon_core.package_discovery:discover_packages(recursive) using defaults
[0.189s] Level 1:colcon.colcon_core.package_discovery:discover_packages(ignore) discover
[0.189s] Level 1:colcon.colcon_core.package_discovery:discover_packages(ignore) using defaults
[0.189s] Level 1:colcon.colcon_core.package_discovery:discover_packages(path) discover
[0.189s] Level 1:colcon.colcon_core.package_discovery:discover_packages(path) using defaults
[0.207s] Level 1:colcon.colcon_core.package_discovery:discover_packages(prefix_path) check parameters
[0.207s] Level 1:colcon.colcon_core.package_discovery:discover_packages(prefix_path) discover
[0.210s] DEBUG:colcon.colcon_installed_package_information.package_discovery:Found 3 installed packages in /home/glados/Desktop/Inverse-Kinematics-using-Neural-Network/install
[0.213s] DEBUG:colcon.colcon_installed_package_information.package_discovery:Found 45 installed packages in /home/glados/Desktop/franka_robot_arm/install
[0.214s] DEBUG:colcon.colcon_installed_package_information.package_discovery:Found 430 installed packages in /opt/ros/jazzy
[0.217s] Level 1:colcon.colcon_core.package_discovery:discover_packages(prefix_path) using defaults
[0.281s] Level 5:colcon.colcon_core.verb:set package 'neural_predictor' build argument 'cmake_args' from command line to 'None'
[0.281s] Level 5:colcon.colcon_core.verb:set package 'neural_predictor' build argument 'cmake_target' from command line to 'None'
[0.281s] Level 5:colcon.colcon_core.verb:set package 'neural_predictor' build argument 'cmake_target_skip_unavailable' from command line to 'False'
[0.281s] Level 5:colcon.colcon_core.verb:set package 'neural_predictor' build argument 'cmake_clean_cache' from command line to 'False'
[0.281s] Level 5:colcon.colcon_core.verb:set package 'neural_predictor' build argument 'cmake_clean_first' from command line to 'False'
[0.281s] Level 5:colcon.colcon_core.verb:set package 'neural_predictor' build argument 'cmake_force_configure' from command line to 'False'
[0.281s] Level 5:colcon.colcon_core.verb:set package 'neural_predictor' build argument 'ament_cmake_args' from command line to 'None'
[0.281s] Level 5:colcon.colcon_core.verb:set package 'neural_predictor' build argument 'catkin_cmake_args' from command line to 'None'
[0.281s] Level 5:colcon.colcon_core.verb:set package 'neural_predictor' build argument 'catkin_skip_building_tests' from command line to 'False'
[0.281s] DEBUG:colcon.colcon_core.verb:Building package 'neural_predictor' with the following arguments: {'ament_cmake_args': None, 'build_base': '/home/glados/Desktop/Inverse-Kinematics-using-Neural-Network/build/neural_predictor', 'catkin_cmake_args': None, 'catkin_skip_building_tests': False, 'cmake_args': None, 'cmake_clean_cache': False, 'cmake_clean_first': False, 'cmake_force_configure': False, 'cmake_target': None, 'cmake_target_skip_unavailable': False, 'install_base': '/home/glados/Desktop/Inverse-Kinematics-using-Neural-Network/install/neural_predictor', 'merge_install': False, 'path': '/home/glados/Desktop/Inverse-Kinematics-using-Neural-Network/src/neural_predictor', 'symlink_install': False, 'test_result_base': None}
[0.282s] Level 5:colcon.colcon_core.verb:set package 'target_generator' build argument 'cmake_args' from command line to 'None'
[0.282s] Level 5:colcon.colcon_core.verb:set package 'target_generator' build argument 'cmake_target' from command line to 'None'
[0.282s] Level 5:colcon.colcon_core.verb:set package 'target_generator' build argument 'cmake_target_skip_unavailable' from command line to 'False'
[0.282s] Level 5:colcon.colcon_core.verb:set package 'target_generator' build argument 'cmake_clean_cache' from command line to 'False'
[0.282s] Level 5:colcon.colcon_core.verb:set package 'target_generator' build argument 'cmake_clean_first' from command line to 'False'
[0.282s] Level 5:colcon.colcon_core.verb:set package 'target_generator' build argument 'cmake_force_configure' from command line to 'False'
[0.282s] Level 5:colcon.colcon_core.verb:set package 'target_generator' build argument 'ament_cmake_args' from command line to 'None'
[0.282s] Level 5:colcon.colcon_core.verb:set package 'target_generator' build argument 'catkin_cmake_args' from command line to 'None'
[0.282s] Level 5:colcon.colcon_core.verb:set package 'target_generator' build argument 'catkin_skip_building_tests' from command line to 'False'
[0.282s] DEBUG:colcon.colcon_core.verb:Building package 'target_generator' with the following arguments: {'ament_cmake_args': None, 'build_base': '/home/glados/Desktop/Inverse-Kinematics-using-Neural-Network/build/target_generator', 'catkin_cmake_args': None, 'catkin_skip_building_tests': False, 'cmake_args': None, 'cmake_clean_cache': False, 'cmake_clean_first': False, 'cmake_force_configure': False, 'cmake_target': None, 'cmake_target_skip_unavailable': False, 'install_base': '/home/glados/Desktop/Inverse-Kinematics-using-Neural-Network/install/target_generator', 'merge_install': False, 'path': '/home/glados/Desktop/Inverse-Kinematics-using-Neural-Network/src/target_generator', 'symlink_install': False, 'test_result_base': None}
[0.282s] Level 5:colcon.colcon_core.verb:set package 'traditional_predictor' build argument 'cmake_args' from command line to 'None'
[0.282s] Level 5:colcon.colcon_core.verb:set package 'traditional_predictor' build argument 'cmake_target' from command line to 'None'
[0.282s] Level 5:colcon.colcon_core.verb:set package 'traditional_predictor' build argument 'cmake_target_skip_unavailable' from command line to 'False'
[0.282s] Level 5:colcon.colcon_core.verb:set package 'traditional_predictor' build argument 'cmake_clean_cache' from command line to 'False'
[0.282s] Level 5:colcon.colcon_core.verb:set package 'traditional_predictor' build argument 'cmake_clean_first' from command line to 'False'
[0.283s] Level 5:colcon.colcon_core.verb:set package 'traditional_predictor' build argument 'cmake_force_configure' from command line to 'False'
[0.283s] Level 5:colcon.colcon_core.verb:set package 'traditional_predictor' build argument 'ament_cmake_args' from command line to 'None'
[0.283s] Level 5:colcon.colcon_core.verb:set package 'traditional_predictor' build argument 'catkin_cmake_args' from command line to 'None'
[0.283s] Level 5:colcon.colcon_core.verb:set package 'traditional_predictor' build argument 'catkin_skip_building_tests' from command line to 'False'
[0.283s] DEBUG:colcon.colcon_core.verb:Building package 'traditional_predictor' with the following arguments: {'ament_cmake_args': None, 'build_base': '/home/glados/Desktop/Inverse-Kinematics-using-Neural-Network/build/traditional_predictor', 'catkin_cmake_args': None, 'catkin_skip_building_tests': False, 'cmake_args': None, 'cmake_clean_cache': False, 'cmake_clean_first': False, 'cmake_force_configure': False, 'cmake_target': None, 'cmake_target_skip_unavailable': False, 'install_base': '/home/glados/Desktop/Inverse-Kinematics-using-Neural-Network/install/traditional_predictor', 'merge_install': False, 'path': '/home/glados/Desktop/Inverse-Kinematics-using-Neural-Network/src/traditional_predictor', 'symlink_install': False, 'test_result_base': None}
[0.283s] INFO:colcon.colcon_core.executor:Executing jobs using 'parallel' executor
[0.284s] DEBUG:colcon.colcon_parallel_executor.executor.parallel:run_until_complete
[0.284s] INFO:colcon.colcon_ros.task.ament_python.build:Building ROS package in '/home/glados/Desktop/Inverse-Kinematics-using-Neural-Network/src/neural_predictor' with build type 'ament_python'
[0.284s] Level 1:colcon.colcon_core.shell:create_environment_hook('neural_predictor', 'ament_prefix_path')
[0.286s] INFO:colcon.colcon_core.plugin_system:Skipping extension 'colcon_core.shell.bat': Not used on non-Windows systems
[0.286s] INFO:colcon.colcon_core.shell:Creating environment hook '/home/glados/Desktop/Inverse-Kinematics-using-Neural-Network/install/neural_predictor/share/neural_predictor/hook/ament_prefix_path.ps1'
[0.287s] INFO:colcon.colcon_core.shell:Creating environment descriptor '/home/glados/Desktop/Inverse-Kinematics-using-Neural-Network/install/neural_predictor/share/neural_predictor/hook/ament_prefix_path.dsv'
[0.287s] INFO:colcon.colcon_core.shell:Creating environment hook '/home/glados/Desktop/Inverse-Kinematics-using-Neural-Network/install/neural_predictor/share/neural_predictor/hook/ament_prefix_path.sh'
[0.288s] INFO:colcon.colcon_core.shell:Skip shell extension 'powershell' for command environment: Not usable outside of PowerShell
[0.288s] DEBUG:colcon.colcon_core.shell:Skip shell extension 'dsv' for command environment
[0.295s] INFO:colcon.colcon_ros.task.ament_python.build:Building ROS package in '/home/glados/Desktop/Inverse-Kinematics-using-Neural-Network/src/target_generator' with build type 'ament_python'
[0.295s] Level 1:colcon.colcon_core.shell:create_environment_hook('target_generator', 'ament_prefix_path')
[0.295s] INFO:colcon.colcon_core.shell:Creating environment hook '/home/glados/Desktop/Inverse-Kinematics-using-Neural-Network/install/target_generator/share/target_generator/hook/ament_prefix_path.ps1'
[0.296s] INFO:colcon.colcon_core.shell:Creating environment descriptor '/home/glados/Desktop/Inverse-Kinematics-using-Neural-Network/install/target_generator/share/target_generator/hook/ament_prefix_path.dsv'
[0.296s] INFO:colcon.colcon_core.shell:Creating environment hook '/home/glados/Desktop/Inverse-Kinematics-using-Neural-Network/install/target_generator/share/target_generator/hook/ament_prefix_path.sh'
[0.297s] INFO:colcon.colcon_core.shell:Skip shell extension 'powershell' for command environment: Not usable outside of PowerShell
[0.297s] DEBUG:colcon.colcon_core.shell:Skip shell extension 'dsv' for command environment
[0.308s] INFO:colcon.colcon_ros.task.ament_python.build:Building ROS package in '/home/glados/Desktop/Inverse-Kinematics-using-Neural-Network/src/traditional_predictor' with build type 'ament_python'
[0.308s] Level 1:colcon.colcon_core.shell:create_environment_hook('traditional_predictor', 'ament_prefix_path')
[0.308s] INFO:colcon.colcon_core.shell:Creating environment hook '/home/glados/Desktop/Inverse-Kinematics-using-Neural-Network/install/traditional_predictor/share/traditional_predictor/hook/ament_prefix_path.ps1'
[0.309s] INFO:colcon.colcon_core.shell:Creating environment descriptor '/home/glados/Desktop/Inverse-Kinematics-using-Neural-Network/install/traditional_predictor/share/traditional_predictor/hook/ament_prefix_path.dsv'
[0.309s] INFO:colcon.colcon_core.shell:Creating environment hook '/home/glados/Desktop/Inverse-Kinematics-using-Neural-Network/install/traditional_predictor/share/traditional_predictor/hook/ament_prefix_path.sh'
[0.310s] INFO:colcon.colcon_core.shell:Skip shell extension 'powershell' for command environment: Not usable outside of PowerShell
[0.310s] DEBUG:colcon.colcon_core.shell:Skip shell extension 'dsv' for command environment
[0.634s] INFO:colcon.colcon_core.task.python.build:Building Python package in '/home/glados/Desktop/Inverse-Kinematics-using-Neural-Network/src/neural_predictor'
[0.634s] INFO:colcon.colcon_core.shell:Skip shell extension 'powershell' for command environment: Not usable outside of PowerShell
[0.634s] DEBUG:colcon.colcon_core.shell:Skip shell extension 'dsv' for command environment
[0.958s] INFO:colcon.colcon_core.task.python.build:Building Python package in '/home/glados/Desktop/Inverse-Kinematics-using-Neural-Network/src/target_generator'
[0.959s] INFO:colcon.colcon_core.shell:Skip shell extension 'powershell' for command environment: Not usable outside of PowerShell
[0.959s] DEBUG:colcon.colcon_core.shell:Skip shell extension 'dsv' for command environment
[1.259s] INFO:colcon.colcon_core.task.python.build:Building Python package in '/home/glados/Desktop/Inverse-Kinematics-using-Neural-Network/src/traditional_predictor'
[1.259s] INFO:colcon.colcon_core.shell:Skip shell extension 'powershell' for command environment: Not usable outside of PowerShell
[1.259s] DEBUG:colcon.colcon_core.shell:Skip shell extension 'dsv' for command environment
[2.082s] DEBUG:colcon.colcon_core.task.python.build:Available setuptools commands: develop, saveopts, bdist_rpm, register, bdist_egg, build_ext, bdist_wheel, test, build_py, install_egg_info, dist_info, install_data, setopt, egg_info, alias, editable_wheel, install_headers, compile_catalog, init_catalog, bdist, rotate, sdist, symlink_data, build, update_catalog, bdist_dumb, upload, clean, install, upload_docs, install_lib, extract_messages, build_clib, install_scripts, check, build_scripts, easy_install
[2.084s] DEBUG:colcon.colcon_core.event_handler.log_command:Invoking command in '/home/glados/Desktop/Inverse-Kinematics-using-Neural-Network/src/neural_predictor': DEBUGINFOD_URLS=https://debuginfod.ubuntu.com PYTHONPATH=/home/glados/Desktop/Inverse-Kinematics-using-Neural-Network/build/neural_predictor/prefix_override:/usr/lib/python3/dist-packages/colcon_core/task/python/colcon_distutils_commands:/home/glados/Desktop/Inverse-Kinematics-using-Neural-Network/install/neural_predictor/lib/python3.12/site-packages:${PYTHONPATH} /usr/bin/python3 -W ignore:setup.py install is deprecated -W ignore:easy_install command is deprecated setup.py egg_info --egg-base ../../build/neural_predictor build --build-base /home/glados/Desktop/Inverse-Kinematics-using-Neural-Network/build/neural_predictor/build install --record /home/glados/Desktop/Inverse-Kinematics-using-Neural-Network/build/neural_predictor/install.log --install-scripts $base/lib/neural_predictor --single-version-externally-managed install_data
[2.114s] DEBUG:colcon.colcon_core.task.python.build:Available setuptools commands: develop, saveopts, bdist_rpm, register, bdist_egg, build_ext, bdist_wheel, test, build_py, install_egg_info, dist_info, install_data, setopt, egg_info, alias, editable_wheel, install_headers, compile_catalog, init_catalog, bdist, rotate, sdist, symlink_data, build, update_catalog, bdist_dumb, upload, clean, install, upload_docs, install_lib, extract_messages, build_clib, install_scripts, check, build_scripts, easy_install
[2.118s] DEBUG:colcon.colcon_core.event_handler.log_command:Invoking command in '/home/glados/Desktop/Inverse-Kinematics-using-Neural-Network/src/traditional_predictor': DEBUGINFOD_URLS=https://debuginfod.ubuntu.com PYTHONPATH=/home/glados/Desktop/Inverse-Kinematics-using-Neural-Network/build/traditional_predictor/prefix_override:/usr/lib/python3/dist-packages/colcon_core/task/python/colcon_distutils_commands:/home/glados/Desktop/Inverse-Kinematics-using-Neural-Network/install/traditional_predictor/lib/python3.12/site-packages:${PYTHONPATH} /usr/bin/python3 -W ignore:setup.py install is deprecated -W ignore:easy_install command is deprecated setup.py egg_info --egg-base ../../build/traditional_predictor build --build-base /home/glados/Desktop/Inverse-Kinematics-using-Neural-Network/build/traditional_predictor/build install --record /home/glados/Desktop/Inverse-Kinematics-using-Neural-Network/build/traditional_predictor/install.log --install-scripts $base/lib/traditional_predictor --single-version-externally-managed install_data
[2.164s] DEBUG:colcon.colcon_core.task.python.build:Available setuptools commands: develop, saveopts, bdist_rpm, register, bdist_egg, build_ext, bdist_wheel, test, build_py, install_egg_info, dist_info, install_data, setopt, egg_info, alias, editable_wheel, install_headers, compile_catalog, init_catalog, bdist, rotate, sdist, symlink_data, build, update_catalog, bdist_dumb, upload, clean, install, upload_docs, install_lib, extract_messages, build_clib, install_scripts, check, build_scripts, easy_install
[2.166s] DEBUG:colcon.colcon_core.event_handler.log_command:Invoking command in '/home/glados/Desktop/Inverse-Kinematics-using-Neural-Network/src/target_generator': DEBUGINFOD_URLS=https://debuginfod.ubuntu.com PYTHONPATH=/home/glados/Desktop/Inverse-Kinematics-using-Neural-Network/build/target_generator/prefix_override:/usr/lib/python3/dist-packages/colcon_core/task/python/colcon_distutils_commands:/home/glados/Desktop/Inverse-Kinematics-using-Neural-Network/install/target_generator/lib/python3.12/site-packages:${PYTHONPATH} /usr/bin/python3 -W ignore:setup.py install is deprecated -W ignore:easy_install command is deprecated setup.py egg_info --egg-base ../../build/target_generator build --build-base /home/glados/Desktop/Inverse-Kinematics-using-Neural-Network/build/target_generator/build install --record /home/glados/Desktop/Inverse-Kinematics-using-Neural-Network/build/target_generator/install.log --install-scripts $base/lib/target_generator --single-version-externally-managed install_data
[2.820s] DEBUG:colcon.colcon_core.event_handler.log_command:Invoked command in '/home/glados/Desktop/Inverse-Kinematics-using-Neural-Network/src/neural_predictor' returned '0': DEBUGINFOD_URLS=https://debuginfod.ubuntu.com PYTHONPATH=/home/glados/Desktop/Inverse-Kinematics-using-Neural-Network/build/neural_predictor/prefix_override:/usr/lib/python3/dist-packages/colcon_core/task/python/colcon_distutils_commands:/home/glados/Desktop/Inverse-Kinematics-using-Neural-Network/install/neural_predictor/lib/python3.12/site-packages:${PYTHONPATH} /usr/bin/python3 -W ignore:setup.py install is deprecated -W ignore:easy_install command is deprecated setup.py egg_info --egg-base ../../build/neural_predictor build --build-base /home/glados/Desktop/Inverse-Kinematics-using-Neural-Network/build/neural_predictor/build install --record /home/glados/Desktop/Inverse-Kinematics-using-Neural-Network/build/neural_predictor/install.log --install-scripts $base/lib/neural_predictor --single-version-externally-managed install_data
[2.822s] Level 1:colcon.colcon_core.environment:checking '/home/glados/Desktop/Inverse-Kinematics-using-Neural-Network/install/neural_predictor' for CMake module files
[2.823s] Level 1:colcon.colcon_core.environment:checking '/home/glados/Desktop/Inverse-Kinematics-using-Neural-Network/install/neural_predictor' for CMake config files
[2.824s] Level 1:colcon.colcon_core.environment:checking '/home/glados/Desktop/Inverse-Kinematics-using-Neural-Network/install/neural_predictor/lib'
[2.824s] Level 1:colcon.colcon_core.environment:checking '/home/glados/Desktop/Inverse-Kinematics-using-Neural-Network/install/neural_predictor/bin'
[2.824s] Level 1:colcon.colcon_core.environment:checking '/home/glados/Desktop/Inverse-Kinematics-using-Neural-Network/install/neural_predictor/lib/pkgconfig/neural_predictor.pc'
[2.824s] Level 1:colcon.colcon_core.environment:checking '/home/glados/Desktop/Inverse-Kinematics-using-Neural-Network/install/neural_predictor/lib/python3.12/site-packages'
[2.825s] Level 1:colcon.colcon_core.shell:create_environment_hook('neural_predictor', 'pythonpath')
[2.825s] INFO:colcon.colcon_core.shell:Creating environment hook '/home/glados/Desktop/Inverse-Kinematics-using-Neural-Network/install/neural_predictor/share/neural_predictor/hook/pythonpath.ps1'
[2.825s] INFO:colcon.colcon_core.shell:Creating environment descriptor '/home/glados/Desktop/Inverse-Kinematics-using-Neural-Network/install/neural_predictor/share/neural_predictor/hook/pythonpath.dsv'
[2.826s] INFO:colcon.colcon_core.shell:Creating environment hook '/home/glados/Desktop/Inverse-Kinematics-using-Neural-Network/install/neural_predictor/share/neural_predictor/hook/pythonpath.sh'
[2.827s] Level 1:colcon.colcon_core.environment:checking '/home/glados/Desktop/Inverse-Kinematics-using-Neural-Network/install/neural_predictor/bin'
[2.827s] Level 1:colcon.colcon_core.environment:create_environment_scripts_only(neural_predictor)
[2.827s] INFO:colcon.colcon_core.shell:Creating package script '/home/glados/Desktop/Inverse-Kinematics-using-Neural-Network/install/neural_predictor/share/neural_predictor/package.ps1'
[2.829s] INFO:colcon.colcon_core.shell:Creating package descriptor '/home/glados/Desktop/Inverse-Kinematics-using-Neural-Network/install/neural_predictor/share/neural_predictor/package.dsv'
[2.829s] INFO:colcon.colcon_core.shell:Creating package script '/home/glados/Desktop/Inverse-Kinematics-using-Neural-Network/install/neural_predictor/share/neural_predictor/package.sh'
[2.830s] INFO:colcon.colcon_core.shell:Creating package script '/home/glados/Desktop/Inverse-Kinematics-using-Neural-Network/install/neural_predictor/share/neural_predictor/package.bash'
[2.831s] INFO:colcon.colcon_core.shell:Creating package script '/home/glados/Desktop/Inverse-Kinematics-using-Neural-Network/install/neural_predictor/share/neural_predictor/package.zsh'
[2.832s] Level 1:colcon.colcon_core.environment:create_file_with_runtime_dependencies(/home/glados/Desktop/Inverse-Kinematics-using-Neural-Network/install/neural_predictor/share/colcon-core/packages/neural_predictor)
[2.843s] Level 1:colcon.colcon_core.environment:checking '/home/glados/Desktop/Inverse-Kinematics-using-Neural-Network/install/traditional_predictor' for CMake module files
[2.843s] DEBUG:colcon.colcon_core.event_handler.log_command:Invoked command in '/home/glados/Desktop/Inverse-Kinematics-using-Neural-Network/src/traditional_predictor' returned '0': DEBUGINFOD_URLS=https://debuginfod.ubuntu.com PYTHONPATH=/home/glados/Desktop/Inverse-Kinematics-using-Neural-Network/build/traditional_predictor/prefix_override:/usr/lib/python3/dist-packages/colcon_core/task/python/colcon_distutils_commands:/home/glados/Desktop/Inverse-Kinematics-using-Neural-Network/install/traditional_predictor/lib/python3.12/site-packages:${PYTHONPATH} /usr/bin/python3 -W ignore:setup.py install is deprecated -W ignore:easy_install command is deprecated setup.py egg_info --egg-base ../../build/traditional_predictor build --build-base /home/glados/Desktop/Inverse-Kinematics-using-Neural-Network/build/traditional_predictor/build install --record /home/glados/Desktop/Inverse-Kinematics-using-Neural-Network/build/traditional_predictor/install.log --install-scripts $base/lib/traditional_predictor --single-version-externally-managed install_data
[2.844s] Level 1:colcon.colcon_core.environment:checking '/home/glados/Desktop/Inverse-Kinematics-using-Neural-Network/install/traditional_predictor' for CMake config files
[2.844s] Level 1:colcon.colcon_core.environment:checking '/home/glados/Desktop/Inverse-Kinematics-using-Neural-Network/install/traditional_predictor/lib'
[2.844s] Level 1:colcon.colcon_core.environment:checking '/home/glados/Desktop/Inverse-Kinematics-using-Neural-Network/install/traditional_predictor/bin'
[2.844s] Level 1:colcon.colcon_core.environment:checking '/home/glados/Desktop/Inverse-Kinematics-using-Neural-Network/install/traditional_predictor/lib/pkgconfig/traditional_predictor.pc'
[2.845s] Level 1:colcon.colcon_core.environment:checking '/home/glados/Desktop/Inverse-Kinematics-using-Neural-Network/install/traditional_predictor/lib/python3.12/site-packages'
[2.845s] Level 1:colcon.colcon_core.shell:create_environment_hook('traditional_predictor', 'pythonpath')
[2.845s] INFO:colcon.colcon_core.shell:Creating environment hook '/home/glados/Desktop/Inverse-Kinematics-using-Neural-Network/install/traditional_predictor/share/traditional_predictor/hook/pythonpath.ps1'
[2.845s] INFO:colcon.colcon_core.shell:Creating environment descriptor '/home/glados/Desktop/Inverse-Kinematics-using-Neural-Network/install/traditional_predictor/share/traditional_predictor/hook/pythonpath.dsv'
[2.846s] INFO:colcon.colcon_core.shell:Creating environment hook '/home/glados/Desktop/Inverse-Kinematics-using-Neural-Network/install/traditional_predictor/share/traditional_predictor/hook/pythonpath.sh'
[2.846s] Level 1:colcon.colcon_core.environment:checking '/home/glados/Desktop/Inverse-Kinematics-using-Neural-Network/install/traditional_predictor/bin'
[2.846s] Level 1:colcon.colcon_core.environment:create_environment_scripts_only(traditional_predictor)
[2.847s] INFO:colcon.colcon_core.shell:Creating package script '/home/glados/Desktop/Inverse-Kinematics-using-Neural-Network/install/traditional_predictor/share/traditional_predictor/package.ps1'
[2.847s] INFO:colcon.colcon_core.shell:Creating package descriptor '/home/glados/Desktop/Inverse-Kinematics-using-Neural-Network/install/traditional_predictor/share/traditional_predictor/package.dsv'
[2.848s] INFO:colcon.colcon_core.shell:Creating package script '/home/glados/Desktop/Inverse-Kinematics-using-Neural-Network/install/traditional_predictor/share/traditional_predictor/package.sh'
[2.848s] INFO:colcon.colcon_core.shell:Creating package script '/home/glados/Desktop/Inverse-Kinematics-using-Neural-Network/install/traditional_predictor/share/traditional_predictor/package.bash'
[2.849s] INFO:colcon.colcon_core.shell:Creating package script '/home/glados/Desktop/Inverse-Kinematics-using-Neural-Network/install/traditional_predictor/share/traditional_predictor/package.zsh'
[2.849s] Level 1:colcon.colcon_core.environment:create_file_with_runtime_dependencies(/home/glados/Desktop/Inverse-Kinematics-using-Neural-Network/install/traditional_predictor/share/colcon-core/packages/traditional_predictor)
[2.889s] Level 1:colcon.colcon_core.environment:checking '/home/glados/Desktop/Inverse-Kinematics-using-Neural-Network/install/target_generator' for CMake module files
[2.890s] DEBUG:colcon.colcon_core.event_handler.log_command:Invoked command in '/home/glados/Desktop/Inverse-Kinematics-using-Neural-Network/src/target_generator' returned '0': DEBUGINFOD_URLS=https://debuginfod.ubuntu.com PYTHONPATH=/home/glados/Desktop/Inverse-Kinematics-using-Neural-Network/build/target_generator/prefix_override:/usr/lib/python3/dist-packages/colcon_core/task/python/colcon_distutils_commands:/home/glados/Desktop/Inverse-Kinematics-using-Neural-Network/install/target_generator/lib/python3.12/site-packages:${PYTHONPATH} /usr/bin/python3 -W ignore:setup.py install is deprecated -W ignore:easy_install command is deprecated setup.py egg_info --egg-base ../../build/target_generator build --build-base /home/glados/Desktop/Inverse-Kinematics-using-Neural-Network/build/target_generator/build install --record /home/glados/Desktop/Inverse-Kinematics-using-Neural-Network/build/target_generator/install.log --install-scripts $base/lib/target_generator --single-version-externally-managed install_data
[2.892s] Level 1:colcon.colcon_core.environment:checking '/home/glados/Desktop/Inverse-Kinematics-using-Neural-Network/install/target_generator' for CMake config files
[2.892s] Level 1:colcon.colcon_core.environment:checking '/home/glados/Desktop/Inverse-Kinematics-using-Neural-Network/install/target_generator/lib'
[2.893s] Level 1:colcon.colcon_core.environment:checking '/home/glados/Desktop/Inverse-Kinematics-using-Neural-Network/install/target_generator/bin'
[2.893s] Level 1:colcon.colcon_core.environment:checking '/home/glados/Desktop/Inverse-Kinematics-using-Neural-Network/install/target_generator/lib/pkgconfig/target_generator.pc'
[2.893s] Level 1:colcon.colcon_core.environment:checking '/home/glados/Desktop/Inverse-Kinematics-using-Neural-Network/install/target_generator/lib/python3.12/site-packages'
[2.894s] Level 1:colcon.colcon_core.shell:create_environment_hook('target_generator', 'pythonpath')
[2.894s] INFO:colcon.colcon_core.shell:Creating environment hook '/home/glados/Desktop/Inverse-Kinematics-using-Neural-Network/install/target_generator/share/target_generator/hook/pythonpath.ps1'
[2.895s] INFO:colcon.colcon_core.shell:Creating environment descriptor '/home/glados/Desktop/Inverse-Kinematics-using-Neural-Network/install/target_generator/share/target_generator/hook/pythonpath.dsv'
[2.895s] INFO:colcon.colcon_core.shell:Creating environment hook '/home/glados/Desktop/Inverse-Kinematics-using-Neural-Network/install/target_generator/share/target_generator/hook/pythonpath.sh'
[2.896s] Level 1:colcon.colcon_core.environment:checking '/home/glados/Desktop/Inverse-Kinematics-using-Neural-Network/install/target_generator/bin'
[2.897s] Level 1:colcon.colcon_core.environment:create_environment_scripts_only(target_generator)
[2.897s] INFO:colcon.colcon_core.shell:Creating package script '/home/glados/Desktop/Inverse-Kinematics-using-Neural-Network/install/target_generator/share/target_generator/package.ps1'
[2.898s] INFO:colcon.colcon_core.shell:Creating package descriptor '/home/glados/Desktop/Inverse-Kinematics-using-Neural-Network/install/target_generator/share/target_generator/package.dsv'
[2.899s] INFO:colcon.colcon_core.shell:Creating package script '/home/glados/Desktop/Inverse-Kinematics-using-Neural-Network/install/target_generator/share/target_generator/package.sh'
[2.899s] INFO:colcon.colcon_core.shell:Creating package script '/home/glados/Desktop/Inverse-Kinematics-using-Neural-Network/install/target_generator/share/target_generator/package.bash'
[2.900s] INFO:colcon.colcon_core.shell:Creating package script '/home/glados/Desktop/Inverse-Kinematics-using-Neural-Network/install/target_generator/share/target_generator/package.zsh'
[2.900s] Level 1:colcon.colcon_core.environment:create_file_with_runtime_dependencies(/home/glados/Desktop/Inverse-Kinematics-using-Neural-Network/install/target_generator/share/colcon-core/packages/target_generator)
[2.900s] DEBUG:colcon.colcon_parallel_executor.executor.parallel:closing loop
[2.901s] DEBUG:colcon.colcon_parallel_executor.executor.parallel:loop closed
[2.901s] DEBUG:colcon.colcon_parallel_executor.executor.parallel:run_until_complete finished with '0'
[2.901s] DEBUG:colcon.colcon_core.event_reactor:joining thread
[2.911s] INFO:colcon.colcon_core.plugin_system:Skipping extension 'colcon_notification.desktop_notification.terminal_notifier': Not used on non-Darwin systems
[2.911s] INFO:colcon.colcon_core.plugin_system:Skipping extension 'colcon_notification.desktop_notification.win32': Not used on non-Windows systems
[2.911s] INFO:colcon.colcon_notification.desktop_notification:Sending desktop notification using 'notify2'
[2.925s] DEBUG:colcon.colcon_core.event_reactor:joined thread
[2.926s] INFO:colcon.colcon_core.shell:Creating prefix script '/home/glados/Desktop/Inverse-Kinematics-using-Neural-Network/install/local_setup.ps1'
[2.927s] INFO:colcon.colcon_core.shell:Creating prefix util module '/home/glados/Desktop/Inverse-Kinematics-using-Neural-Network/install/_local_setup_util_ps1.py'
[2.928s] INFO:colcon.colcon_core.shell:Creating prefix chain script '/home/glados/Desktop/Inverse-Kinematics-using-Neural-Network/install/setup.ps1'
[2.933s] INFO:colcon.colcon_core.shell:Creating prefix script '/home/glados/Desktop/Inverse-Kinematics-using-Neural-Network/install/local_setup.sh'
[2.934s] INFO:colcon.colcon_core.shell:Creating prefix util module '/home/glados/Desktop/Inverse-Kinematics-using-Neural-Network/install/_local_setup_util_sh.py'
[2.935s] INFO:colcon.colcon_core.shell:Creating prefix chain script '/home/glados/Desktop/Inverse-Kinematics-using-Neural-Network/install/setup.sh'
[2.938s] INFO:colcon.colcon_core.shell:Creating prefix script '/home/glados/Desktop/Inverse-Kinematics-using-Neural-Network/install/local_setup.bash'
[2.939s] INFO:colcon.colcon_core.shell:Creating prefix chain script '/home/glados/Desktop/Inverse-Kinematics-using-Neural-Network/install/setup.bash'
[2.943s] INFO:colcon.colcon_core.shell:Creating prefix script '/home/glados/Desktop/Inverse-Kinematics-using-Neural-Network/install/local_setup.zsh'
[2.944s] INFO:colcon.colcon_core.shell:Creating prefix chain script '/home/glados/Desktop/Inverse-Kinematics-using-Neural-Network/install/setup.zsh'
