[1.798s] Invoking command in '/home/glados/Desktop/Inverse-Kinematics-using-Neural-Network/src/neural_predictor': DEBUGINFOD_URLS=https://debuginfod.ubuntu.com PYTHONPATH=/home/glados/Desktop/Inverse-Kinematics-using-Neural-Network/build/neural_predictor/prefix_override:/usr/lib/python3/dist-packages/colcon_core/task/python/colcon_distutils_commands:/home/glados/Desktop/Inverse-Kinematics-using-Neural-Network/install/neural_predictor/lib/python3.12/site-packages:${PYTHONPATH} /usr/bin/python3 -W ignore:setup.py install is deprecated -W ignore:easy_install command is deprecated setup.py egg_info --egg-base ../../build/neural_predictor build --build-base /home/glados/Desktop/Inverse-Kinematics-using-Neural-Network/build/neural_predictor/build install --record /home/glados/Desktop/Inverse-Kinematics-using-Neural-Network/build/neural_predictor/install.log --install-scripts $base/lib/neural_predictor --single-version-externally-managed install_data
[2.150s] running egg_info
[2.176s] writing ../../build/neural_predictor/neural_predictor.egg-info/PKG-INFO
[2.176s] writing dependency_links to ../../build/neural_predictor/neural_predictor.egg-info/dependency_links.txt
[2.176s] writing requirements to ../../build/neural_predictor/neural_predictor.egg-info/requires.txt
[2.176s] writing top-level names to ../../build/neural_predictor/neural_predictor.egg-info/top_level.txt
[2.233s] reading manifest file '../../build/neural_predictor/neural_predictor.egg-info/SOURCES.txt'
[2.233s] adding license file 'LICENSE'
[2.233s] writing manifest file '../../build/neural_predictor/neural_predictor.egg-info/SOURCES.txt'
[2.234s] running build
[2.234s] running build_py
[2.234s] running install
[2.245s] running install_lib
[2.281s] running install_data
[2.281s] running install_egg_info
[2.321s] removing '/home/glados/Desktop/Inverse-Kinematics-using-Neural-Network/install/neural_predictor/lib/python3.12/site-packages/neural_predictor-0.0.0-py3.12.egg-info' (and everything under it)
[2.322s] Copying ../../build/neural_predictor/neural_predictor.egg-info to /home/glados/Desktop/Inverse-Kinematics-using-Neural-Network/install/neural_predictor/lib/python3.12/site-packages/neural_predictor-0.0.0-py3.12.egg-info
[2.323s] running install_scripts
[2.501s] writing list of installed files to '/home/glados/Desktop/Inverse-Kinematics-using-Neural-Network/build/neural_predictor/install.log'
[2.551s] Invoked command in '/home/glados/Desktop/Inverse-Kinematics-using-Neural-Network/src/neural_predictor' returned '0': DEBUGINFOD_URLS=https://debuginfod.ubuntu.com PYTHONPATH=/home/glados/Desktop/Inverse-Kinematics-using-Neural-Network/build/neural_predictor/prefix_override:/usr/lib/python3/dist-packages/colcon_core/task/python/colcon_distutils_commands:/home/glados/Desktop/Inverse-Kinematics-using-Neural-Network/install/neural_predictor/lib/python3.12/site-packages:${PYTHONPATH} /usr/bin/python3 -W ignore:setup.py install is deprecated -W ignore:easy_install command is deprecated setup.py egg_info --egg-base ../../build/neural_predictor build --build-base /home/glados/Desktop/Inverse-Kinematics-using-Neural-Network/build/neural_predictor/build install --record /home/glados/Desktop/Inverse-Kinematics-using-Neural-Network/build/neural_predictor/install.log --install-scripts $base/lib/neural_predictor --single-version-externally-managed install_data
