[0.128s] DEBUG:colcon:Command line arguments: ['/usr/bin/colcon', 'build']
[0.128s] DEBUG:colcon:Parsed command line arguments: Namespace(log_base=None, log_level=None, verb_name='build', build_base='build', install_base='install', merge_install=False, symlink_install=False, test_result_base=None, continue_on_error=False, executor='parallel', parallel_workers=8, event_handlers=None, ignore_user_meta=False, metas=['./colcon.meta'], base_paths=['.'], packages_ignore=None, packages_ignore_regex=None, paths=None, packages_up_to=None, packages_up_to_regex=None, packages_above=None, packages_above_and_dependencies=None, packages_above_depth=None, packages_select_by_dep=None, packages_skip_by_dep=None, packages_skip_up_to=None, packages_select_build_failed=False, packages_skip_build_finished=False, packages_select_test_failures=False, packages_skip_test_passed=False, packages_select=None, packages_skip=None, packages_select_regex=None, packages_skip_regex=None, packages_start=None, packages_end=None, allow_overriding=[], cmake_args=None, cmake_target=None, cmake_target_skip_unavailable=False, cmake_clean_cache=False, cmake_clean_first=False, cmake_force_configure=False, ament_cmake_args=None, catkin_cmake_args=None, catkin_skip_building_tests=False, mixin_files=None, mixin=None, verb_parser=<colcon_mixin.mixin.mixin_argument.MixinArgumentDecorator object at 0x79b03a7dd2e0>, verb_extension=<colcon_core.verb.build.BuildVerb object at 0x79b03a701940>, main=<bound method BuildVerb.main of <colcon_core.verb.build.BuildVerb object at 0x79b03a701940>>, mixin_verb=('build',))
[0.165s] Level 1:colcon.colcon_core.package_discovery:discover_packages(colcon_meta) check parameters
[0.165s] Level 1:colcon.colcon_core.package_discovery:discover_packages(recursive) check parameters
[0.165s] Level 1:colcon.colcon_core.package_discovery:discover_packages(ignore) check parameters
[0.165s] Level 1:colcon.colcon_core.package_discovery:discover_packages(path) check parameters
[0.165s] Level 1:colcon.colcon_core.package_discovery:discover_packages(colcon_meta) discover
[0.166s] Level 1:colcon.colcon_core.package_discovery:discover_packages(recursive) discover
[0.166s] INFO:colcon.colcon_core.package_discovery:Crawling recursively for packages in '/home/glados/Desktop/Inverse-Kinematics-using-Neural-Network'
[0.166s] Level 1:colcon.colcon_core.package_identification:_identify(.) by extensions ['ignore', 'ignore_ament_install']
[0.166s] Level 1:colcon.colcon_core.package_identification:_identify(.) by extension 'ignore'
[0.166s] Level 1:colcon.colcon_core.package_identification:_identify(.) by extension 'ignore_ament_install'
[0.166s] Level 1:colcon.colcon_core.package_identification:_identify(.) by extensions ['colcon_pkg']
[0.166s] Level 1:colcon.colcon_core.package_identification:_identify(.) by extension 'colcon_pkg'
[0.166s] Level 1:colcon.colcon_core.package_identification:_identify(.) by extensions ['colcon_meta']
[0.166s] Level 1:colcon.colcon_core.package_identification:_identify(.) by extension 'colcon_meta'
[0.166s] Level 1:colcon.colcon_core.package_identification:_identify(.) by extensions ['ros']
[0.166s] Level 1:colcon.colcon_core.package_identification:_identify(.) by extension 'ros'
[0.192s] Level 1:colcon.colcon_core.package_identification:_identify(.) by extensions ['cmake', 'python']
[0.192s] Level 1:colcon.colcon_core.package_identification:_identify(.) by extension 'cmake'
[0.192s] Level 1:colcon.colcon_core.package_identification:_identify(.) by extension 'python'
[0.192s] Level 1:colcon.colcon_core.package_identification:_identify(.) by extensions ['python_setup_py']
[0.192s] Level 1:colcon.colcon_core.package_identification:_identify(.) by extension 'python_setup_py'
[0.192s] Level 1:colcon.colcon_core.package_identification:_identify(build) by extensions ['ignore', 'ignore_ament_install']
[0.192s] Level 1:colcon.colcon_core.package_identification:_identify(build) by extension 'ignore'
[0.192s] Level 1:colcon.colcon_core.package_identification:_identify(build) ignored
[0.192s] Level 1:colcon.colcon_core.package_identification:_identify(install) by extensions ['ignore', 'ignore_ament_install']
[0.192s] Level 1:colcon.colcon_core.package_identification:_identify(install) by extension 'ignore'
[0.192s] Level 1:colcon.colcon_core.package_identification:_identify(install) ignored
[0.192s] Level 1:colcon.colcon_core.package_identification:_identify(log) by extensions ['ignore', 'ignore_ament_install']
[0.192s] Level 1:colcon.colcon_core.package_identification:_identify(log) by extension 'ignore'
[0.192s] Level 1:colcon.colcon_core.package_identification:_identify(log) ignored
[0.193s] Level 1:colcon.colcon_core.package_identification:_identify(src) by extensions ['ignore', 'ignore_ament_install']
[0.193s] Level 1:colcon.colcon_core.package_identification:_identify(src) by extension 'ignore'
[0.193s] Level 1:colcon.colcon_core.package_identification:_identify(src) by extension 'ignore_ament_install'
[0.193s] Level 1:colcon.colcon_core.package_identification:_identify(src) by extensions ['colcon_pkg']
[0.193s] Level 1:colcon.colcon_core.package_identification:_identify(src) by extension 'colcon_pkg'
[0.193s] Level 1:colcon.colcon_core.package_identification:_identify(src) by extensions ['colcon_meta']
[0.193s] Level 1:colcon.colcon_core.package_identification:_identify(src) by extension 'colcon_meta'
[0.193s] Level 1:colcon.colcon_core.package_identification:_identify(src) by extensions ['ros']
[0.193s] Level 1:colcon.colcon_core.package_identification:_identify(src) by extension 'ros'
[0.193s] Level 1:colcon.colcon_core.package_identification:_identify(src) by extensions ['cmake', 'python']
[0.193s] Level 1:colcon.colcon_core.package_identification:_identify(src) by extension 'cmake'
[0.193s] Level 1:colcon.colcon_core.package_identification:_identify(src) by extension 'python'
[0.193s] Level 1:colcon.colcon_core.package_identification:_identify(src) by extensions ['python_setup_py']
[0.193s] Level 1:colcon.colcon_core.package_identification:_identify(src) by extension 'python_setup_py'
[0.193s] Level 1:colcon.colcon_core.package_identification:_identify(src/neural_predictor) by extensions ['ignore', 'ignore_ament_install']
[0.193s] Level 1:colcon.colcon_core.package_identification:_identify(src/neural_predictor) by extension 'ignore'
[0.193s] Level 1:colcon.colcon_core.package_identification:_identify(src/neural_predictor) by extension 'ignore_ament_install'
[0.193s] Level 1:colcon.colcon_core.package_identification:_identify(src/neural_predictor) by extensions ['colcon_pkg']
[0.193s] Level 1:colcon.colcon_core.package_identification:_identify(src/neural_predictor) by extension 'colcon_pkg'
[0.193s] Level 1:colcon.colcon_core.package_identification:_identify(src/neural_predictor) by extensions ['colcon_meta']
[0.193s] Level 1:colcon.colcon_core.package_identification:_identify(src/neural_predictor) by extension 'colcon_meta'
[0.193s] Level 1:colcon.colcon_core.package_identification:_identify(src/neural_predictor) by extensions ['ros']
[0.193s] Level 1:colcon.colcon_core.package_identification:_identify(src/neural_predictor) by extension 'ros'
[0.195s] DEBUG:colcon.colcon_core.package_identification:Package 'src/neural_predictor' with type 'ros.ament_python' and name 'neural_predictor'
[0.196s] Level 1:colcon.colcon_core.package_identification:_identify(src/target_generator) by extensions ['ignore', 'ignore_ament_install']
[0.196s] Level 1:colcon.colcon_core.package_identification:_identify(src/target_generator) by extension 'ignore'
[0.196s] Level 1:colcon.colcon_core.package_identification:_identify(src/target_generator) by extension 'ignore_ament_install'
[0.196s] Level 1:colcon.colcon_core.package_identification:_identify(src/target_generator) by extensions ['colcon_pkg']
[0.196s] Level 1:colcon.colcon_core.package_identification:_identify(src/target_generator) by extension 'colcon_pkg'
[0.196s] Level 1:colcon.colcon_core.package_identification:_identify(src/target_generator) by extensions ['colcon_meta']
[0.196s] Level 1:colcon.colcon_core.package_identification:_identify(src/target_generator) by extension 'colcon_meta'
[0.196s] Level 1:colcon.colcon_core.package_identification:_identify(src/target_generator) by extensions ['ros']
[0.196s] Level 1:colcon.colcon_core.package_identification:_identify(src/target_generator) by extension 'ros'
[0.196s] DEBUG:colcon.colcon_core.package_identification:Package 'src/target_generator' with type 'ros.ament_python' and name 'target_generator'
[0.196s] Level 1:colcon.colcon_core.package_identification:_identify(src/traditional_predictor) by extensions ['ignore', 'ignore_ament_install']
[0.197s] Level 1:colcon.colcon_core.package_identification:_identify(src/traditional_predictor) by extension 'ignore'
[0.197s] Level 1:colcon.colcon_core.package_identification:_identify(src/traditional_predictor) by extension 'ignore_ament_install'
[0.197s] Level 1:colcon.colcon_core.package_identification:_identify(src/traditional_predictor) by extensions ['colcon_pkg']
[0.197s] Level 1:colcon.colcon_core.package_identification:_identify(src/traditional_predictor) by extension 'colcon_pkg'
[0.197s] Level 1:colcon.colcon_core.package_identification:_identify(src/traditional_predictor) by extensions ['colcon_meta']
[0.197s] Level 1:colcon.colcon_core.package_identification:_identify(src/traditional_predictor) by extension 'colcon_meta'
[0.197s] Level 1:colcon.colcon_core.package_identification:_identify(src/traditional_predictor) by extensions ['ros']
[0.197s] Level 1:colcon.colcon_core.package_identification:_identify(src/traditional_predictor) by extension 'ros'
[0.197s] DEBUG:colcon.colcon_core.package_identification:Package 'src/traditional_predictor' with type 'ros.ament_python' and name 'traditional_predictor'
[0.197s] Level 1:colcon.colcon_core.package_discovery:discover_packages(recursive) using defaults
[0.197s] Level 1:colcon.colcon_core.package_discovery:discover_packages(ignore) discover
[0.197s] Level 1:colcon.colcon_core.package_discovery:discover_packages(ignore) using defaults
[0.197s] Level 1:colcon.colcon_core.package_discovery:discover_packages(path) discover
[0.197s] Level 1:colcon.colcon_core.package_discovery:discover_packages(path) using defaults
[0.220s] Level 1:colcon.colcon_core.package_discovery:discover_packages(prefix_path) check parameters
[0.220s] Level 1:colcon.colcon_core.package_discovery:discover_packages(prefix_path) discover
[0.230s] DEBUG:colcon.colcon_installed_package_information.package_discovery:Found 3 installed packages in /home/glados/Desktop/Inverse-Kinematics-using-Neural-Network/install
[0.231s] DEBUG:colcon.colcon_installed_package_information.package_discovery:Found 45 installed packages in /home/glados/Desktop/franka_robot_arm/install
[0.233s] DEBUG:colcon.colcon_installed_package_information.package_discovery:Found 430 installed packages in /opt/ros/jazzy
[0.235s] Level 1:colcon.colcon_core.package_discovery:discover_packages(prefix_path) using defaults
[0.311s] Level 5:colcon.colcon_core.verb:set package 'neural_predictor' build argument 'cmake_args' from command line to 'None'
[0.311s] Level 5:colcon.colcon_core.verb:set package 'neural_predictor' build argument 'cmake_target' from command line to 'None'
[0.311s] Level 5:colcon.colcon_core.verb:set package 'neural_predictor' build argument 'cmake_target_skip_unavailable' from command line to 'False'
[0.311s] Level 5:colcon.colcon_core.verb:set package 'neural_predictor' build argument 'cmake_clean_cache' from command line to 'False'
[0.311s] Level 5:colcon.colcon_core.verb:set package 'neural_predictor' build argument 'cmake_clean_first' from command line to 'False'
[0.311s] Level 5:colcon.colcon_core.verb:set package 'neural_predictor' build argument 'cmake_force_configure' from command line to 'False'
[0.312s] Level 5:colcon.colcon_core.verb:set package 'neural_predictor' build argument 'ament_cmake_args' from command line to 'None'
[0.312s] Level 5:colcon.colcon_core.verb:set package 'neural_predictor' build argument 'catkin_cmake_args' from command line to 'None'
[0.312s] Level 5:colcon.colcon_core.verb:set package 'neural_predictor' build argument 'catkin_skip_building_tests' from command line to 'False'
[0.312s] DEBUG:colcon.colcon_core.verb:Building package 'neural_predictor' with the following arguments: {'ament_cmake_args': None, 'build_base': '/home/glados/Desktop/Inverse-Kinematics-using-Neural-Network/build/neural_predictor', 'catkin_cmake_args': None, 'catkin_skip_building_tests': False, 'cmake_args': None, 'cmake_clean_cache': False, 'cmake_clean_first': False, 'cmake_force_configure': False, 'cmake_target': None, 'cmake_target_skip_unavailable': False, 'install_base': '/home/glados/Desktop/Inverse-Kinematics-using-Neural-Network/install/neural_predictor', 'merge_install': False, 'path': '/home/glados/Desktop/Inverse-Kinematics-using-Neural-Network/src/neural_predictor', 'symlink_install': False, 'test_result_base': None}
[0.312s] Level 5:colcon.colcon_core.verb:set package 'target_generator' build argument 'cmake_args' from command line to 'None'
[0.312s] Level 5:colcon.colcon_core.verb:set package 'target_generator' build argument 'cmake_target' from command line to 'None'
[0.312s] Level 5:colcon.colcon_core.verb:set package 'target_generator' build argument 'cmake_target_skip_unavailable' from command line to 'False'
[0.312s] Level 5:colcon.colcon_core.verb:set package 'target_generator' build argument 'cmake_clean_cache' from command line to 'False'
[0.312s] Level 5:colcon.colcon_core.verb:set package 'target_generator' build argument 'cmake_clean_first' from command line to 'False'
[0.312s] Level 5:colcon.colcon_core.verb:set package 'target_generator' build argument 'cmake_force_configure' from command line to 'False'
[0.312s] Level 5:colcon.colcon_core.verb:set package 'target_generator' build argument 'ament_cmake_args' from command line to 'None'
[0.312s] Level 5:colcon.colcon_core.verb:set package 'target_generator' build argument 'catkin_cmake_args' from command line to 'None'
[0.312s] Level 5:colcon.colcon_core.verb:set package 'target_generator' build argument 'catkin_skip_building_tests' from command line to 'False'
[0.312s] DEBUG:colcon.colcon_core.verb:Building package 'target_generator' with the following arguments: {'ament_cmake_args': None, 'build_base': '/home/glados/Desktop/Inverse-Kinematics-using-Neural-Network/build/target_generator', 'catkin_cmake_args': None, 'catkin_skip_building_tests': False, 'cmake_args': None, 'cmake_clean_cache': False, 'cmake_clean_first': False, 'cmake_force_configure': False, 'cmake_target': None, 'cmake_target_skip_unavailable': False, 'install_base': '/home/glados/Desktop/Inverse-Kinematics-using-Neural-Network/install/target_generator', 'merge_install': False, 'path': '/home/glados/Desktop/Inverse-Kinematics-using-Neural-Network/src/target_generator', 'symlink_install': False, 'test_result_base': None}
[0.312s] Level 5:colcon.colcon_core.verb:set package 'traditional_predictor' build argument 'cmake_args' from command line to 'None'
[0.312s] Level 5:colcon.colcon_core.verb:set package 'traditional_predictor' build argument 'cmake_target' from command line to 'None'
[0.312s] Level 5:colcon.colcon_core.verb:set package 'traditional_predictor' build argument 'cmake_target_skip_unavailable' from command line to 'False'
[0.312s] Level 5:colcon.colcon_core.verb:set package 'traditional_predictor' build argument 'cmake_clean_cache' from command line to 'False'
[0.312s] Level 5:colcon.colcon_core.verb:set package 'traditional_predictor' build argument 'cmake_clean_first' from command line to 'False'
[0.312s] Level 5:colcon.colcon_core.verb:set package 'traditional_predictor' build argument 'cmake_force_configure' from command line to 'False'
[0.312s] Level 5:colcon.colcon_core.verb:set package 'traditional_predictor' build argument 'ament_cmake_args' from command line to 'None'
[0.313s] Level 5:colcon.colcon_core.verb:set package 'traditional_predictor' build argument 'catkin_cmake_args' from command line to 'None'
[0.313s] Level 5:colcon.colcon_core.verb:set package 'traditional_predictor' build argument 'catkin_skip_building_tests' from command line to 'False'
[0.313s] DEBUG:colcon.colcon_core.verb:Building package 'traditional_predictor' with the following arguments: {'ament_cmake_args': None, 'build_base': '/home/glados/Desktop/Inverse-Kinematics-using-Neural-Network/build/traditional_predictor', 'catkin_cmake_args': None, 'catkin_skip_building_tests': False, 'cmake_args': None, 'cmake_clean_cache': False, 'cmake_clean_first': False, 'cmake_force_configure': False, 'cmake_target': None, 'cmake_target_skip_unavailable': False, 'install_base': '/home/glados/Desktop/Inverse-Kinematics-using-Neural-Network/install/traditional_predictor', 'merge_install': False, 'path': '/home/glados/Desktop/Inverse-Kinematics-using-Neural-Network/src/traditional_predictor', 'symlink_install': False, 'test_result_base': None}
[0.313s] INFO:colcon.colcon_core.executor:Executing jobs using 'parallel' executor
[0.313s] DEBUG:colcon.colcon_parallel_executor.executor.parallel:run_until_complete
[0.314s] INFO:colcon.colcon_ros.task.ament_python.build:Building ROS package in '/home/glados/Desktop/Inverse-Kinematics-using-Neural-Network/src/neural_predictor' with build type 'ament_python'
[0.314s] Level 1:colcon.colcon_core.shell:create_environment_hook('neural_predictor', 'ament_prefix_path')
[0.316s] INFO:colcon.colcon_core.plugin_system:Skipping extension 'colcon_core.shell.bat': Not used on non-Windows systems
[0.316s] INFO:colcon.colcon_core.shell:Creating environment hook '/home/glados/Desktop/Inverse-Kinematics-using-Neural-Network/install/neural_predictor/share/neural_predictor/hook/ament_prefix_path.ps1'
[0.317s] INFO:colcon.colcon_core.shell:Creating environment descriptor '/home/glados/Desktop/Inverse-Kinematics-using-Neural-Network/install/neural_predictor/share/neural_predictor/hook/ament_prefix_path.dsv'
[0.317s] INFO:colcon.colcon_core.shell:Creating environment hook '/home/glados/Desktop/Inverse-Kinematics-using-Neural-Network/install/neural_predictor/share/neural_predictor/hook/ament_prefix_path.sh'
[0.318s] INFO:colcon.colcon_core.shell:Skip shell extension 'powershell' for command environment: Not usable outside of PowerShell
[0.318s] DEBUG:colcon.colcon_core.shell:Skip shell extension 'dsv' for command environment
[0.328s] INFO:colcon.colcon_ros.task.ament_python.build:Building ROS package in '/home/glados/Desktop/Inverse-Kinematics-using-Neural-Network/src/target_generator' with build type 'ament_python'
[0.328s] Level 1:colcon.colcon_core.shell:create_environment_hook('target_generator', 'ament_prefix_path')
[0.329s] INFO:colcon.colcon_core.shell:Creating environment hook '/home/glados/Desktop/Inverse-Kinematics-using-Neural-Network/install/target_generator/share/target_generator/hook/ament_prefix_path.ps1'
[0.329s] INFO:colcon.colcon_core.shell:Creating environment descriptor '/home/glados/Desktop/Inverse-Kinematics-using-Neural-Network/install/target_generator/share/target_generator/hook/ament_prefix_path.dsv'
[0.330s] INFO:colcon.colcon_core.shell:Creating environment hook '/home/glados/Desktop/Inverse-Kinematics-using-Neural-Network/install/target_generator/share/target_generator/hook/ament_prefix_path.sh'
[0.330s] INFO:colcon.colcon_core.shell:Skip shell extension 'powershell' for command environment: Not usable outside of PowerShell
[0.330s] DEBUG:colcon.colcon_core.shell:Skip shell extension 'dsv' for command environment
[0.341s] INFO:colcon.colcon_ros.task.ament_python.build:Building ROS package in '/home/glados/Desktop/Inverse-Kinematics-using-Neural-Network/src/traditional_predictor' with build type 'ament_python'
[0.341s] Level 1:colcon.colcon_core.shell:create_environment_hook('traditional_predictor', 'ament_prefix_path')
[0.341s] INFO:colcon.colcon_core.shell:Creating environment hook '/home/glados/Desktop/Inverse-Kinematics-using-Neural-Network/install/traditional_predictor/share/traditional_predictor/hook/ament_prefix_path.ps1'
[0.342s] INFO:colcon.colcon_core.shell:Creating environment descriptor '/home/glados/Desktop/Inverse-Kinematics-using-Neural-Network/install/traditional_predictor/share/traditional_predictor/hook/ament_prefix_path.dsv'
[0.342s] INFO:colcon.colcon_core.shell:Creating environment hook '/home/glados/Desktop/Inverse-Kinematics-using-Neural-Network/install/traditional_predictor/share/traditional_predictor/hook/ament_prefix_path.sh'
[0.343s] INFO:colcon.colcon_core.shell:Skip shell extension 'powershell' for command environment: Not usable outside of PowerShell
[0.343s] DEBUG:colcon.colcon_core.shell:Skip shell extension 'dsv' for command environment
[0.701s] INFO:colcon.colcon_core.task.python.build:Building Python package in '/home/glados/Desktop/Inverse-Kinematics-using-Neural-Network/src/neural_predictor'
[0.701s] INFO:colcon.colcon_core.shell:Skip shell extension 'powershell' for command environment: Not usable outside of PowerShell
[0.701s] DEBUG:colcon.colcon_core.shell:Skip shell extension 'dsv' for command environment
[1.033s] INFO:colcon.colcon_core.task.python.build:Building Python package in '/home/glados/Desktop/Inverse-Kinematics-using-Neural-Network/src/target_generator'
[1.033s] INFO:colcon.colcon_core.shell:Skip shell extension 'powershell' for command environment: Not usable outside of PowerShell
[1.033s] DEBUG:colcon.colcon_core.shell:Skip shell extension 'dsv' for command environment
[1.362s] INFO:colcon.colcon_core.task.python.build:Building Python package in '/home/glados/Desktop/Inverse-Kinematics-using-Neural-Network/src/traditional_predictor'
[1.362s] INFO:colcon.colcon_core.shell:Skip shell extension 'powershell' for command environment: Not usable outside of PowerShell
[1.362s] DEBUG:colcon.colcon_core.shell:Skip shell extension 'dsv' for command environment
[2.427s] DEBUG:colcon.colcon_core.task.python.build:Available setuptools commands: install_egg_info, bdist_dumb, setopt, build_clib, clean, egg_info, dist_info, easy_install, upload_docs, alias, install_headers, check, build_ext, install_data, bdist, saveopts, update_catalog, develop, install, install_scripts, install_lib, upload, bdist_wheel, extract_messages, init_catalog, build_scripts, register, rotate, bdist_rpm, symlink_data, build_py, bdist_egg, test, sdist, compile_catalog, editable_wheel, build
[2.429s] DEBUG:colcon.colcon_core.event_handler.log_command:Invoking command in '/home/glados/Desktop/Inverse-Kinematics-using-Neural-Network/src/neural_predictor': DEBUGINFOD_URLS=https://debuginfod.ubuntu.com PYTHONPATH=/home/glados/Desktop/Inverse-Kinematics-using-Neural-Network/build/neural_predictor/prefix_override:/usr/lib/python3/dist-packages/colcon_core/task/python/colcon_distutils_commands:/home/glados/Desktop/Inverse-Kinematics-using-Neural-Network/install/neural_predictor/lib/python3.12/site-packages:${PYTHONPATH} /usr/bin/python3 -W ignore:setup.py install is deprecated -W ignore:easy_install command is deprecated setup.py egg_info --egg-base ../../build/neural_predictor build --build-base /home/glados/Desktop/Inverse-Kinematics-using-Neural-Network/build/neural_predictor/build install --record /home/glados/Desktop/Inverse-Kinematics-using-Neural-Network/build/neural_predictor/install.log --install-scripts $base/lib/neural_predictor --single-version-externally-managed install_data
[2.432s] DEBUG:colcon.colcon_core.task.python.build:Available setuptools commands: install_egg_info, bdist_dumb, setopt, build_clib, clean, egg_info, dist_info, easy_install, upload_docs, alias, install_headers, check, build_ext, install_data, bdist, saveopts, update_catalog, develop, install, install_scripts, install_lib, upload, bdist_wheel, extract_messages, init_catalog, build_scripts, register, rotate, bdist_rpm, symlink_data, build_py, bdist_egg, test, sdist, compile_catalog, editable_wheel, build
[2.435s] DEBUG:colcon.colcon_core.event_handler.log_command:Invoking command in '/home/glados/Desktop/Inverse-Kinematics-using-Neural-Network/src/traditional_predictor': DEBUGINFOD_URLS=https://debuginfod.ubuntu.com PYTHONPATH=/home/glados/Desktop/Inverse-Kinematics-using-Neural-Network/build/traditional_predictor/prefix_override:/usr/lib/python3/dist-packages/colcon_core/task/python/colcon_distutils_commands:/home/glados/Desktop/Inverse-Kinematics-using-Neural-Network/install/traditional_predictor/lib/python3.12/site-packages:${PYTHONPATH} /usr/bin/python3 -W ignore:setup.py install is deprecated -W ignore:easy_install command is deprecated setup.py egg_info --egg-base ../../build/traditional_predictor build --build-base /home/glados/Desktop/Inverse-Kinematics-using-Neural-Network/build/traditional_predictor/build install --record /home/glados/Desktop/Inverse-Kinematics-using-Neural-Network/build/traditional_predictor/install.log --install-scripts $base/lib/traditional_predictor --single-version-externally-managed install_data
[2.441s] DEBUG:colcon.colcon_core.task.python.build:Available setuptools commands: install_egg_info, bdist_dumb, setopt, build_clib, clean, egg_info, dist_info, easy_install, upload_docs, alias, install_headers, check, build_ext, install_data, bdist, saveopts, update_catalog, develop, install, install_scripts, install_lib, upload, bdist_wheel, extract_messages, init_catalog, build_scripts, register, rotate, bdist_rpm, symlink_data, build_py, bdist_egg, test, sdist, compile_catalog, editable_wheel, build
[2.445s] DEBUG:colcon.colcon_core.event_handler.log_command:Invoking command in '/home/glados/Desktop/Inverse-Kinematics-using-Neural-Network/src/target_generator': DEBUGINFOD_URLS=https://debuginfod.ubuntu.com PYTHONPATH=/home/glados/Desktop/Inverse-Kinematics-using-Neural-Network/build/target_generator/prefix_override:/usr/lib/python3/dist-packages/colcon_core/task/python/colcon_distutils_commands:/home/glados/Desktop/Inverse-Kinematics-using-Neural-Network/install/target_generator/lib/python3.12/site-packages:${PYTHONPATH} /usr/bin/python3 -W ignore:setup.py install is deprecated -W ignore:easy_install command is deprecated setup.py egg_info --egg-base ../../build/target_generator build --build-base /home/glados/Desktop/Inverse-Kinematics-using-Neural-Network/build/target_generator/build install --record /home/glados/Desktop/Inverse-Kinematics-using-Neural-Network/build/target_generator/install.log --install-scripts $base/lib/target_generator --single-version-externally-managed install_data
[3.292s] DEBUG:colcon.colcon_core.event_handler.log_command:Invoked command in '/home/glados/Desktop/Inverse-Kinematics-using-Neural-Network/src/target_generator' returned '0': DEBUGINFOD_URLS=https://debuginfod.ubuntu.com PYTHONPATH=/home/glados/Desktop/Inverse-Kinematics-using-Neural-Network/build/target_generator/prefix_override:/usr/lib/python3/dist-packages/colcon_core/task/python/colcon_distutils_commands:/home/glados/Desktop/Inverse-Kinematics-using-Neural-Network/install/target_generator/lib/python3.12/site-packages:${PYTHONPATH} /usr/bin/python3 -W ignore:setup.py install is deprecated -W ignore:easy_install command is deprecated setup.py egg_info --egg-base ../../build/target_generator build --build-base /home/glados/Desktop/Inverse-Kinematics-using-Neural-Network/build/target_generator/build install --record /home/glados/Desktop/Inverse-Kinematics-using-Neural-Network/build/target_generator/install.log --install-scripts $base/lib/target_generator --single-version-externally-managed install_data
[3.298s] Level 1:colcon.colcon_core.environment:checking '/home/glados/Desktop/Inverse-Kinematics-using-Neural-Network/install/target_generator' for CMake module files
[3.299s] Level 1:colcon.colcon_core.environment:checking '/home/glados/Desktop/Inverse-Kinematics-using-Neural-Network/install/target_generator' for CMake config files
[3.300s] Level 1:colcon.colcon_core.environment:checking '/home/glados/Desktop/Inverse-Kinematics-using-Neural-Network/install/target_generator/lib'
[3.300s] Level 1:colcon.colcon_core.environment:checking '/home/glados/Desktop/Inverse-Kinematics-using-Neural-Network/install/target_generator/bin'
[3.300s] Level 1:colcon.colcon_core.environment:checking '/home/glados/Desktop/Inverse-Kinematics-using-Neural-Network/install/target_generator/lib/pkgconfig/target_generator.pc'
[3.300s] Level 1:colcon.colcon_core.environment:checking '/home/glados/Desktop/Inverse-Kinematics-using-Neural-Network/install/target_generator/lib/python3.12/site-packages'
[3.301s] Level 1:colcon.colcon_core.shell:create_environment_hook('target_generator', 'pythonpath')
[3.301s] INFO:colcon.colcon_core.shell:Creating environment hook '/home/glados/Desktop/Inverse-Kinematics-using-Neural-Network/install/target_generator/share/target_generator/hook/pythonpath.ps1'
[3.302s] INFO:colcon.colcon_core.shell:Creating environment descriptor '/home/glados/Desktop/Inverse-Kinematics-using-Neural-Network/install/target_generator/share/target_generator/hook/pythonpath.dsv'
[3.302s] INFO:colcon.colcon_core.shell:Creating environment hook '/home/glados/Desktop/Inverse-Kinematics-using-Neural-Network/install/target_generator/share/target_generator/hook/pythonpath.sh'
[3.303s] Level 1:colcon.colcon_core.environment:checking '/home/glados/Desktop/Inverse-Kinematics-using-Neural-Network/install/target_generator/bin'
[3.304s] Level 1:colcon.colcon_core.environment:create_environment_scripts_only(target_generator)
[3.304s] INFO:colcon.colcon_core.shell:Creating package script '/home/glados/Desktop/Inverse-Kinematics-using-Neural-Network/install/target_generator/share/target_generator/package.ps1'
[3.306s] INFO:colcon.colcon_core.shell:Creating package descriptor '/home/glados/Desktop/Inverse-Kinematics-using-Neural-Network/install/target_generator/share/target_generator/package.dsv'
[3.306s] INFO:colcon.colcon_core.shell:Creating package script '/home/glados/Desktop/Inverse-Kinematics-using-Neural-Network/install/target_generator/share/target_generator/package.sh'
[3.307s] INFO:colcon.colcon_core.shell:Creating package script '/home/glados/Desktop/Inverse-Kinematics-using-Neural-Network/install/target_generator/share/target_generator/package.bash'
[3.308s] INFO:colcon.colcon_core.shell:Creating package script '/home/glados/Desktop/Inverse-Kinematics-using-Neural-Network/install/target_generator/share/target_generator/package.zsh'
[3.309s] Level 1:colcon.colcon_core.environment:create_file_with_runtime_dependencies(/home/glados/Desktop/Inverse-Kinematics-using-Neural-Network/install/target_generator/share/colcon-core/packages/target_generator)
[3.318s] Level 1:colcon.colcon_core.environment:checking '/home/glados/Desktop/Inverse-Kinematics-using-Neural-Network/install/traditional_predictor' for CMake module files
[3.319s] DEBUG:colcon.colcon_core.event_handler.log_command:Invoked command in '/home/glados/Desktop/Inverse-Kinematics-using-Neural-Network/src/traditional_predictor' returned '0': DEBUGINFOD_URLS=https://debuginfod.ubuntu.com PYTHONPATH=/home/glados/Desktop/Inverse-Kinematics-using-Neural-Network/build/traditional_predictor/prefix_override:/usr/lib/python3/dist-packages/colcon_core/task/python/colcon_distutils_commands:/home/glados/Desktop/Inverse-Kinematics-using-Neural-Network/install/traditional_predictor/lib/python3.12/site-packages:${PYTHONPATH} /usr/bin/python3 -W ignore:setup.py install is deprecated -W ignore:easy_install command is deprecated setup.py egg_info --egg-base ../../build/traditional_predictor build --build-base /home/glados/Desktop/Inverse-Kinematics-using-Neural-Network/build/traditional_predictor/build install --record /home/glados/Desktop/Inverse-Kinematics-using-Neural-Network/build/traditional_predictor/install.log --install-scripts $base/lib/traditional_predictor --single-version-externally-managed install_data
[3.319s] Level 1:colcon.colcon_core.environment:checking '/home/glados/Desktop/Inverse-Kinematics-using-Neural-Network/install/traditional_predictor' for CMake config files
[3.320s] Level 1:colcon.colcon_core.environment:checking '/home/glados/Desktop/Inverse-Kinematics-using-Neural-Network/install/traditional_predictor/lib'
[3.320s] Level 1:colcon.colcon_core.environment:checking '/home/glados/Desktop/Inverse-Kinematics-using-Neural-Network/install/traditional_predictor/bin'
[3.320s] Level 1:colcon.colcon_core.environment:checking '/home/glados/Desktop/Inverse-Kinematics-using-Neural-Network/install/traditional_predictor/lib/pkgconfig/traditional_predictor.pc'
[3.320s] Level 1:colcon.colcon_core.environment:checking '/home/glados/Desktop/Inverse-Kinematics-using-Neural-Network/install/traditional_predictor/lib/python3.12/site-packages'
[3.320s] Level 1:colcon.colcon_core.shell:create_environment_hook('traditional_predictor', 'pythonpath')
[3.321s] INFO:colcon.colcon_core.shell:Creating environment hook '/home/glados/Desktop/Inverse-Kinematics-using-Neural-Network/install/traditional_predictor/share/traditional_predictor/hook/pythonpath.ps1'
[3.321s] INFO:colcon.colcon_core.shell:Creating environment descriptor '/home/glados/Desktop/Inverse-Kinematics-using-Neural-Network/install/traditional_predictor/share/traditional_predictor/hook/pythonpath.dsv'
[3.322s] INFO:colcon.colcon_core.shell:Creating environment hook '/home/glados/Desktop/Inverse-Kinematics-using-Neural-Network/install/traditional_predictor/share/traditional_predictor/hook/pythonpath.sh'
[3.323s] Level 1:colcon.colcon_core.environment:checking '/home/glados/Desktop/Inverse-Kinematics-using-Neural-Network/install/traditional_predictor/bin'
[3.323s] Level 1:colcon.colcon_core.environment:create_environment_scripts_only(traditional_predictor)
[3.323s] INFO:colcon.colcon_core.shell:Creating package script '/home/glados/Desktop/Inverse-Kinematics-using-Neural-Network/install/traditional_predictor/share/traditional_predictor/package.ps1'
[3.324s] INFO:colcon.colcon_core.shell:Creating package descriptor '/home/glados/Desktop/Inverse-Kinematics-using-Neural-Network/install/traditional_predictor/share/traditional_predictor/package.dsv'
[3.325s] INFO:colcon.colcon_core.shell:Creating package script '/home/glados/Desktop/Inverse-Kinematics-using-Neural-Network/install/traditional_predictor/share/traditional_predictor/package.sh'
[3.325s] INFO:colcon.colcon_core.shell:Creating package script '/home/glados/Desktop/Inverse-Kinematics-using-Neural-Network/install/traditional_predictor/share/traditional_predictor/package.bash'
[3.326s] INFO:colcon.colcon_core.shell:Creating package script '/home/glados/Desktop/Inverse-Kinematics-using-Neural-Network/install/traditional_predictor/share/traditional_predictor/package.zsh'
[3.326s] Level 1:colcon.colcon_core.environment:create_file_with_runtime_dependencies(/home/glados/Desktop/Inverse-Kinematics-using-Neural-Network/install/traditional_predictor/share/colcon-core/packages/traditional_predictor)
[3.328s] Level 1:colcon.colcon_core.environment:checking '/home/glados/Desktop/Inverse-Kinematics-using-Neural-Network/install/neural_predictor' for CMake module files
[3.329s] Level 1:colcon.colcon_core.environment:checking '/home/glados/Desktop/Inverse-Kinematics-using-Neural-Network/install/neural_predictor' for CMake config files
[3.329s] Level 1:colcon.colcon_core.environment:checking '/home/glados/Desktop/Inverse-Kinematics-using-Neural-Network/install/neural_predictor/lib'
[3.329s] Level 1:colcon.colcon_core.environment:checking '/home/glados/Desktop/Inverse-Kinematics-using-Neural-Network/install/neural_predictor/bin'
[3.329s] Level 1:colcon.colcon_core.environment:checking '/home/glados/Desktop/Inverse-Kinematics-using-Neural-Network/install/neural_predictor/lib/pkgconfig/neural_predictor.pc'
[3.330s] Level 1:colcon.colcon_core.environment:checking '/home/glados/Desktop/Inverse-Kinematics-using-Neural-Network/install/neural_predictor/lib/python3.12/site-packages'
[3.330s] Level 1:colcon.colcon_core.shell:create_environment_hook('neural_predictor', 'pythonpath')
[3.330s] INFO:colcon.colcon_core.shell:Creating environment hook '/home/glados/Desktop/Inverse-Kinematics-using-Neural-Network/install/neural_predictor/share/neural_predictor/hook/pythonpath.ps1'
[3.331s] DEBUG:colcon.colcon_core.event_handler.log_command:Invoked command in '/home/glados/Desktop/Inverse-Kinematics-using-Neural-Network/src/neural_predictor' returned '0': DEBUGINFOD_URLS=https://debuginfod.ubuntu.com PYTHONPATH=/home/glados/Desktop/Inverse-Kinematics-using-Neural-Network/build/neural_predictor/prefix_override:/usr/lib/python3/dist-packages/colcon_core/task/python/colcon_distutils_commands:/home/glados/Desktop/Inverse-Kinematics-using-Neural-Network/install/neural_predictor/lib/python3.12/site-packages:${PYTHONPATH} /usr/bin/python3 -W ignore:setup.py install is deprecated -W ignore:easy_install command is deprecated setup.py egg_info --egg-base ../../build/neural_predictor build --build-base /home/glados/Desktop/Inverse-Kinematics-using-Neural-Network/build/neural_predictor/build install --record /home/glados/Desktop/Inverse-Kinematics-using-Neural-Network/build/neural_predictor/install.log --install-scripts $base/lib/neural_predictor --single-version-externally-managed install_data
[3.331s] INFO:colcon.colcon_core.shell:Creating environment descriptor '/home/glados/Desktop/Inverse-Kinematics-using-Neural-Network/install/neural_predictor/share/neural_predictor/hook/pythonpath.dsv'
[3.331s] INFO:colcon.colcon_core.shell:Creating environment hook '/home/glados/Desktop/Inverse-Kinematics-using-Neural-Network/install/neural_predictor/share/neural_predictor/hook/pythonpath.sh'
[3.332s] Level 1:colcon.colcon_core.environment:checking '/home/glados/Desktop/Inverse-Kinematics-using-Neural-Network/install/neural_predictor/bin'
[3.332s] Level 1:colcon.colcon_core.environment:create_environment_scripts_only(neural_predictor)
[3.333s] INFO:colcon.colcon_core.shell:Creating package script '/home/glados/Desktop/Inverse-Kinematics-using-Neural-Network/install/neural_predictor/share/neural_predictor/package.ps1'
[3.334s] INFO:colcon.colcon_core.shell:Creating package descriptor '/home/glados/Desktop/Inverse-Kinematics-using-Neural-Network/install/neural_predictor/share/neural_predictor/package.dsv'
[3.335s] INFO:colcon.colcon_core.shell:Creating package script '/home/glados/Desktop/Inverse-Kinematics-using-Neural-Network/install/neural_predictor/share/neural_predictor/package.sh'
[3.336s] INFO:colcon.colcon_core.shell:Creating package script '/home/glados/Desktop/Inverse-Kinematics-using-Neural-Network/install/neural_predictor/share/neural_predictor/package.bash'
[3.336s] INFO:colcon.colcon_core.shell:Creating package script '/home/glados/Desktop/Inverse-Kinematics-using-Neural-Network/install/neural_predictor/share/neural_predictor/package.zsh'
[3.337s] Level 1:colcon.colcon_core.environment:create_file_with_runtime_dependencies(/home/glados/Desktop/Inverse-Kinematics-using-Neural-Network/install/neural_predictor/share/colcon-core/packages/neural_predictor)
[3.337s] DEBUG:colcon.colcon_parallel_executor.executor.parallel:closing loop
[3.338s] DEBUG:colcon.colcon_parallel_executor.executor.parallel:loop closed
[3.338s] DEBUG:colcon.colcon_parallel_executor.executor.parallel:run_until_complete finished with '0'
[3.339s] DEBUG:colcon.colcon_core.event_reactor:joining thread
[3.347s] INFO:colcon.colcon_core.plugin_system:Skipping extension 'colcon_notification.desktop_notification.terminal_notifier': Not used on non-Darwin systems
[3.347s] INFO:colcon.colcon_core.plugin_system:Skipping extension 'colcon_notification.desktop_notification.win32': Not used on non-Windows systems
[3.347s] INFO:colcon.colcon_notification.desktop_notification:Sending desktop notification using 'notify2'
[3.363s] DEBUG:colcon.colcon_core.event_reactor:joined thread
[3.364s] INFO:colcon.colcon_core.shell:Creating prefix script '/home/glados/Desktop/Inverse-Kinematics-using-Neural-Network/install/local_setup.ps1'
[3.365s] INFO:colcon.colcon_core.shell:Creating prefix util module '/home/glados/Desktop/Inverse-Kinematics-using-Neural-Network/install/_local_setup_util_ps1.py'
[3.368s] INFO:colcon.colcon_core.shell:Creating prefix chain script '/home/glados/Desktop/Inverse-Kinematics-using-Neural-Network/install/setup.ps1'
[3.373s] INFO:colcon.colcon_core.shell:Creating prefix script '/home/glados/Desktop/Inverse-Kinematics-using-Neural-Network/install/local_setup.sh'
[3.374s] INFO:colcon.colcon_core.shell:Creating prefix util module '/home/glados/Desktop/Inverse-Kinematics-using-Neural-Network/install/_local_setup_util_sh.py'
[3.375s] INFO:colcon.colcon_core.shell:Creating prefix chain script '/home/glados/Desktop/Inverse-Kinematics-using-Neural-Network/install/setup.sh'
[3.380s] INFO:colcon.colcon_core.shell:Creating prefix script '/home/glados/Desktop/Inverse-Kinematics-using-Neural-Network/install/local_setup.bash'
[3.380s] INFO:colcon.colcon_core.shell:Creating prefix chain script '/home/glados/Desktop/Inverse-Kinematics-using-Neural-Network/install/setup.bash'
[3.384s] INFO:colcon.colcon_core.shell:Creating prefix script '/home/glados/Desktop/Inverse-Kinematics-using-Neural-Network/install/local_setup.zsh'
[3.384s] INFO:colcon.colcon_core.shell:Creating prefix chain script '/home/glados/Desktop/Inverse-Kinematics-using-Neural-Network/install/setup.zsh'
