[1.819s] Invoking command in '/home/glados/Desktop/Inverse-Kinematics-using-Neural-Network/src/target_generator': DEBUGINFOD_URLS=https://debuginfod.ubuntu.com PYTHONPATH=/home/glados/Desktop/Inverse-Kinematics-using-Neural-Network/build/target_generator/prefix_override:/usr/lib/python3/dist-packages/colcon_core/task/python/colcon_distutils_commands:/home/glados/Desktop/Inverse-Kinematics-using-Neural-Network/install/target_generator/lib/python3.12/site-packages:${PYTHONPATH} /usr/bin/python3 -W ignore:setup.py install is deprecated -W ignore:easy_install command is deprecated setup.py egg_info --egg-base ../../build/target_generator build --build-base /home/glados/Desktop/Inverse-Kinematics-using-Neural-Network/build/target_generator/build install --record /home/glados/Desktop/Inverse-Kinematics-using-Neural-Network/build/target_generator/install.log --install-scripts $base/lib/target_generator --single-version-externally-managed install_data
[2.206s] running egg_info
[2.240s] writing ../../build/target_generator/target_generator.egg-info/PKG-INFO
[2.240s] writing dependency_links to ../../build/target_generator/target_generator.egg-info/dependency_links.txt
[2.240s] writing entry points to ../../build/target_generator/target_generator.egg-info/entry_points.txt
[2.240s] writing requirements to ../../build/target_generator/target_generator.egg-info/requires.txt
[2.241s] writing top-level names to ../../build/target_generator/target_generator.egg-info/top_level.txt
[2.303s] reading manifest file '../../build/target_generator/target_generator.egg-info/SOURCES.txt'
[2.304s] adding license file 'LICENSE'
[2.304s] writing manifest file '../../build/target_generator/target_generator.egg-info/SOURCES.txt'
[2.304s] running build
[2.304s] running build_py
[2.304s] running install
[2.314s] running install_lib
[2.348s] running install_data
[2.348s] running install_egg_info
[2.373s] removing '/home/glados/Desktop/Inverse-Kinematics-using-Neural-Network/install/target_generator/lib/python3.12/site-packages/target_generator-0.0.0-py3.12.egg-info' (and everything under it)
[2.373s] Copying ../../build/target_generator/target_generator.egg-info to /home/glados/Desktop/Inverse-Kinematics-using-Neural-Network/install/target_generator/lib/python3.12/site-packages/target_generator-0.0.0-py3.12.egg-info
[2.374s] running install_scripts
[2.556s] Installing marker script to /home/glados/Desktop/Inverse-Kinematics-using-Neural-Network/install/target_generator/lib/target_generator
[2.556s] Installing random_target script to /home/glados/Desktop/Inverse-Kinematics-using-Neural-Network/install/target_generator/lib/target_generator
[2.556s] writing list of installed files to '/home/glados/Desktop/Inverse-Kinematics-using-Neural-Network/build/target_generator/install.log'
[2.604s] Invoked command in '/home/glados/Desktop/Inverse-Kinematics-using-Neural-Network/src/target_generator' returned '0': DEBUGINFOD_URLS=https://debuginfod.ubuntu.com PYTHONPATH=/home/glados/Desktop/Inverse-Kinematics-using-Neural-Network/build/target_generator/prefix_override:/usr/lib/python3/dist-packages/colcon_core/task/python/colcon_distutils_commands:/home/glados/Desktop/Inverse-Kinematics-using-Neural-Network/install/target_generator/lib/python3.12/site-packages:${PYTHONPATH} /usr/bin/python3 -W ignore:setup.py install is deprecated -W ignore:easy_install command is deprecated setup.py egg_info --egg-base ../../build/target_generator build --build-base /home/glados/Desktop/Inverse-Kinematics-using-Neural-Network/build/target_generator/build install --record /home/glados/Desktop/Inverse-Kinematics-using-Neural-Network/build/target_generator/install.log --install-scripts $base/lib/target_generator --single-version-externally-managed install_data
