running egg_info
creating ../../build/traditional_predictor/traditional_predictor.egg-info
writing ../../build/traditional_predictor/traditional_predictor.egg-info/PKG-INFO
writing dependency_links to ../../build/traditional_predictor/traditional_predictor.egg-info/dependency_links.txt
writing requirements to ../../build/traditional_predictor/traditional_predictor.egg-info/requires.txt
writing top-level names to ../../build/traditional_predictor/traditional_predictor.egg-info/top_level.txt
writing manifest file '../../build/traditional_predictor/traditional_predictor.egg-info/SOURCES.txt'
reading manifest file '../../build/traditional_predictor/traditional_predictor.egg-info/SOURCES.txt'
adding license file 'LICENSE'
writing manifest file '../../build/traditional_predictor/traditional_predictor.egg-info/SOURCES.txt'
running build
running build_py
creating /home/glados/Desktop/Inverse-Kinematics-using-Neural-Network/build/traditional_predictor/build
creating /home/glados/Desktop/Inverse-Kinematics-using-Neural-Network/build/traditional_predictor/build/lib
creating /home/glados/Desktop/Inverse-Kinematics-using-Neural-Network/build/traditional_predictor/build/lib/traditional_predictor
copying traditional_predictor/__init__.py -> /home/glados/Desktop/Inverse-Kinematics-using-Neural-Network/build/traditional_predictor/build/lib/traditional_predictor
copying traditional_predictor/traditional_ik_solver.py -> /home/glados/Desktop/Inverse-Kinematics-using-Neural-Network/build/traditional_predictor/build/lib/traditional_predictor
running install
running install_lib
creating /home/glados/Desktop/Inverse-Kinematics-using-Neural-Network/install/traditional_predictor/lib/python3.12/site-packages/traditional_predictor
copying /home/glados/Desktop/Inverse-Kinematics-using-Neural-Network/build/traditional_predictor/build/lib/traditional_predictor/__init__.py -> /home/glados/Desktop/Inverse-Kinematics-using-Neural-Network/install/traditional_predictor/lib/python3.12/site-packages/traditional_predictor
copying /home/glados/Desktop/Inverse-Kinematics-using-Neural-Network/build/traditional_predictor/build/lib/traditional_predictor/traditional_ik_solver.py -> /home/glados/Desktop/Inverse-Kinematics-using-Neural-Network/install/traditional_predictor/lib/python3.12/site-packages/traditional_predictor
byte-compiling /home/glados/Desktop/Inverse-Kinematics-using-Neural-Network/install/traditional_predictor/lib/python3.12/site-packages/traditional_predictor/__init__.py to __init__.cpython-312.pyc
byte-compiling /home/glados/Desktop/Inverse-Kinematics-using-Neural-Network/install/traditional_predictor/lib/python3.12/site-packages/traditional_predictor/traditional_ik_solver.py to traditional_ik_solver.cpython-312.pyc
running install_data
creating /home/glados/Desktop/Inverse-Kinematics-using-Neural-Network/install/traditional_predictor/share/ament_index
creating /home/glados/Desktop/Inverse-Kinematics-using-Neural-Network/install/traditional_predictor/share/ament_index/resource_index
creating /home/glados/Desktop/Inverse-Kinematics-using-Neural-Network/install/traditional_predictor/share/ament_index/resource_index/packages
copying resource/traditional_predictor -> /home/glados/Desktop/Inverse-Kinematics-using-Neural-Network/install/traditional_predictor/share/ament_index/resource_index/packages
copying package.xml -> /home/glados/Desktop/Inverse-Kinematics-using-Neural-Network/install/traditional_predictor/share/traditional_predictor
running install_egg_info
Copying ../../build/traditional_predictor/traditional_predictor.egg-info to /home/glados/Desktop/Inverse-Kinematics-using-Neural-Network/install/traditional_predictor/lib/python3.12/site-packages/traditional_predictor-0.0.0-py3.12.egg-info
running install_scripts
writing list of installed files to '/home/glados/Desktop/Inverse-Kinematics-using-Neural-Network/build/traditional_predictor/install.log'
